
Merging program properties

Removed property 0xc0000002 to merge /home/steven/mine/src/user/Build/init.o (0x3) and /home/steven/mine/src/user/Build/sig_restore.o (not found)
Removed property 0xc0000002 to merge /home/steven/mine/src/user/Build/init.o (not found) and /home/steven/mine/src/user/Build/time.o (0x3)
Removed property 0xc0000002 to merge /home/steven/mine/src/user/Build/init.o (not found) and /home/steven/mine/src/user/Build/ls_cd.o (0x3)
Removed property 0xc0000002 to merge /home/steven/mine/src/user/Build/init.o (not found) and /home/steven/mine/src/user/Build/pwd_else.o (0x3)

Discarded input sections

 .note.GNU-stack
                0x0000000000000000        0x0 /home/steven/mine/src/user/Build/init.o
 .note.gnu.property
                0x0000000000000000       0x20 /home/steven/mine/src/user/Build/init.o
 .note.GNU-stack
                0x0000000000000000        0x0 /home/steven/mine/src/user/Build/syscall.o
 .note.gnu.property
                0x0000000000000000       0x20 /home/steven/mine/src/user/Build/syscall.o
 .note.GNU-stack
                0x0000000000000000        0x0 /home/steven/mine/src/user/Build/errno.o
 .note.gnu.property
                0x0000000000000000       0x20 /home/steven/mine/src/user/Build/errno.o
 .note.GNU-stack
                0x0000000000000000        0x0 /home/steven/mine/src/user/Build/malloc.o
 .note.gnu.property
                0x0000000000000000       0x20 /home/steven/mine/src/user/Build/malloc.o
 .note.GNU-stack
                0x0000000000000000        0x0 /home/steven/mine/src/user/Build/keyboard.o
 .note.gnu.property
                0x0000000000000000       0x20 /home/steven/mine/src/user/Build/keyboard.o
 .note.GNU-stack
                0x0000000000000000        0x0 /home/steven/mine/src/user/Build/printf.o
 .note.gnu.property
                0x0000000000000000       0x20 /home/steven/mine/src/user/Build/printf.o
 .note.GNU-stack
                0x0000000000000000        0x0 /home/steven/mine/src/user/Build/string.o
 .note.gnu.property
                0x0000000000000000       0x20 /home/steven/mine/src/user/Build/string.o
 .note.GNU-stack
                0x0000000000000000        0x0 /home/steven/mine/src/user/Build/dirent.o
 .note.gnu.property
                0x0000000000000000       0x20 /home/steven/mine/src/user/Build/dirent.o
 .note.GNU-stack
                0x0000000000000000        0x0 /home/steven/mine/src/user/Build/wait.o
 .note.gnu.property
                0x0000000000000000       0x20 /home/steven/mine/src/user/Build/wait.o
 .note.GNU-stack
                0x0000000000000000        0x0 /home/steven/mine/src/user/Build/signal.o
 .note.gnu.property
                0x0000000000000000       0x20 /home/steven/mine/src/user/Build/signal.o
 .note.GNU-stack
                0x0000000000000000        0x0 /home/steven/mine/src/user/Build/time.o
 .note.gnu.property
                0x0000000000000000       0x20 /home/steven/mine/src/user/Build/time.o
 .note.GNU-stack
                0x0000000000000000        0x0 /home/steven/mine/src/user/Build/ls_cd.o
 .note.gnu.property
                0x0000000000000000       0x20 /home/steven/mine/src/user/Build/ls_cd.o
 .note.GNU-stack
                0x0000000000000000        0x0 /home/steven/mine/src/user/Build/pwd_else.o
 .note.gnu.property
                0x0000000000000000       0x20 /home/steven/mine/src/user/Build/pwd_else.o

Memory Configuration

Name             Origin             Length             Attributes
*default*        0x0000000000000000 0xffffffffffffffff

Linker script and memory map

TARGET(elf64-x86-64)
LOAD /home/steven/mine/src/user/Build/init.o
LOAD /home/steven/mine/src/user/Build/syscall.o
LOAD /home/steven/mine/src/user/Build/errno.o
LOAD /home/steven/mine/src/user/Build/malloc.o
LOAD /home/steven/mine/src/user/Build/keyboard.o
LOAD /home/steven/mine/src/user/Build/printf.o
LOAD /home/steven/mine/src/user/Build/string.o
LOAD /home/steven/mine/src/user/Build/dirent.o
LOAD /home/steven/mine/src/user/Build/wait.o
LOAD /home/steven/mine/src/user/Build/signal.o
LOAD /home/steven/mine/src/user/Build/sig_restore.o
LOAD /home/steven/mine/src/user/Build/time.o
LOAD /home/steven/mine/src/user/Build/ls_cd.o
LOAD /home/steven/mine/src/user/Build/pwd_else.o
                [!provide]                        PROVIDE (__executable_start = SEGMENT_START ("text-segment", 0x400000))
                0x0000000000400158                . = (SEGMENT_START ("text-segment", 0x400000) + SIZEOF_HEADERS)

.interp
 *(.interp)

.note.gnu.build-id
 *(.note.gnu.build-id)

.hash
 *(.hash)

.gnu.hash
 *(.gnu.hash)

.dynsym
 *(.dynsym)

.dynstr
 *(.dynstr)

.gnu.version
 *(.gnu.version)

.gnu.version_d
 *(.gnu.version_d)

.gnu.version_r
 *(.gnu.version_r)

.rela.dyn       0x0000000000400158        0x0
 *(.rela.init)
 *(.rela.text .rela.text.* .rela.gnu.linkonce.t.*)
 *(.rela.fini)
 *(.rela.rodata .rela.rodata.* .rela.gnu.linkonce.r.*)
 *(.rela.data .rela.data.* .rela.gnu.linkonce.d.*)
 *(.rela.tdata .rela.tdata.* .rela.gnu.linkonce.td.*)
 *(.rela.tbss .rela.tbss.* .rela.gnu.linkonce.tb.*)
 *(.rela.ctors)
 *(.rela.dtors)
 *(.rela.got)
 .rela.got      0x0000000000400158        0x0 /home/steven/mine/src/user/Build/init.o
 *(.rela.bss .rela.bss.* .rela.gnu.linkonce.b.*)
 *(.rela.ldata .rela.ldata.* .rela.gnu.linkonce.l.*)
 *(.rela.lbss .rela.lbss.* .rela.gnu.linkonce.lb.*)
 *(.rela.lrodata .rela.lrodata.* .rela.gnu.linkonce.lr.*)
 *(.rela.ifunc)

.rela.plt       0x0000000000400158        0x0
 *(.rela.plt)
                [!provide]                        PROVIDE (__rela_iplt_start = .)
 *(.rela.iplt)
 .rela.iplt     0x0000000000400158        0x0 /home/steven/mine/src/user/Build/init.o
                [!provide]                        PROVIDE (__rela_iplt_end = .)

.relr.dyn
 *(.relr.dyn)
                0x0000000000401000                . = ALIGN (CONSTANT (MAXPAGESIZE))

.init
 *(SORT_NONE(.init))

.plt            0x0000000000401000        0x0
 *(.plt)
 *(.iplt)
 .iplt          0x0000000000401000        0x0 /home/steven/mine/src/user/Build/init.o

.plt.got
 *(.plt.got)

.plt.sec
 *(.plt.sec)

.text           0x0000000000401000     0x35cd
 *(.text.unlikely .text.*_unlikely .text.unlikely.*)
 *(.text.exit .text.exit.*)
 *(.text.startup .text.startup.*)
 *(.text.hot .text.hot.*)
 *(SORT_BY_NAME(.text.sorted.*))
 *(.text .stub .text.* .gnu.linkonce.t.*)
 .text          0x0000000000401000      0x7d1 /home/steven/mine/src/user/Build/init.o
                0x0000000000401000                main
                0x000000000040100a                sig_handler
                0x0000000000401042                print_prompt
                0x00000000004010df                get_scancode
                0x0000000000401115                analysis_keycode
                0x000000000040146e                find_cmd
                0x00000000004014d2                read_line
                0x00000000004015d1                parse_command
                0x000000000040178d                run_command
 .text          0x00000000004017d1      0x171 /home/steven/mine/src/user/Build/syscall.o
                0x00000000004017d1                putstring
                0x00000000004017e1                open
                0x00000000004017f1                close
                0x0000000000401801                read
                0x0000000000401811                write
                0x0000000000401821                lseek
                0x0000000000401831                fork
                0x0000000000401841                vfork
                0x0000000000401851                execve
                0x0000000000401861                exit
                0x0000000000401871                wait4
                0x0000000000401881                brk
                0x0000000000401891                reboot
                0x000000000040189e                chdir
                0x00000000004018ab                getdents
                0x00000000004018b8                SIGNAL
                0x00000000004018c5                KILL
                0x00000000004018d2                sleep
                0x00000000004018df                getpid
                0x00000000004018ec                mkdir
                0x00000000004018f9                getcwd
                0x0000000000401906                stat
 .text          0x0000000000401942        0x0 /home/steven/mine/src/user/Build/errno.o
 .text          0x0000000000401942      0x162 /home/steven/mine/src/user/Build/malloc.o
                0x0000000000401942                malloc
                0x0000000000401a95                free
 .text          0x0000000000401aa4        0x0 /home/steven/mine/src/user/Build/keyboard.o
 .text          0x0000000000401aa4      0xedb /home/steven/mine/src/user/Build/printf.o
                0x0000000000401aa4                strlen
                0x0000000000401ad7                skip_atoi
                0x0000000000401db8                vsprintf
                0x00000000004026af                sprintf
                0x0000000000402778                puts
                0x00000000004027b5                printf
                0x0000000000402899                color_printf
 .text          0x000000000040297f      0x2f1 /home/steven/mine/src/user/Build/string.o
                0x000000000040297f                memcpy
                0x00000000004029dd                memcmp
                0x0000000000402a1e                strchr
                0x0000000000402a5a                strrchr
                0x0000000000402a9f                memset
                0x0000000000402b19                strcpy
                0x0000000000402b44                strncpy
                0x0000000000402b7b                strcat
                0x0000000000402bb2                strcmp
                0x0000000000402bf1                strncmp
 .text          0x0000000000402c70      0x157 /home/steven/mine/src/user/Build/dirent.o
                0x0000000000402c70                opendir
                0x0000000000402d13                closedir
                0x0000000000402d51                readdir
 .text          0x0000000000402dc7       0x62 /home/steven/mine/src/user/Build/wait.o
                0x0000000000402dc7                wait
                0x0000000000402df6                waitpid
 .text          0x0000000000402e29       0xd0 /home/steven/mine/src/user/Build/signal.o
                0x0000000000402e29                signal
                0x0000000000402e96                kill
 .text          0x0000000000402ef9       0x1c /home/steven/mine/src/user/Build/sig_restore.o
                0x0000000000402ef9                _start
                0x0000000000402f00                sig_restore
 .text          0x0000000000402f15      0x2e9 /home/steven/mine/src/user/Build/time.o
                0x0000000000402fba                localtime
 .text          0x00000000004031fe      0xe04 /home/steven/mine/src/user/Build/ls_cd.o
                0x00000000004035a9                make_clear_abs_path
                0x00000000004037c0                cd_command
                0x0000000000403c2e                reckon_size
                0x0000000000403c8b                ls_command
 .text          0x0000000000404002      0x5cb /home/steven/mine/src/user/Build/pwd_else.o
                0x0000000000404002                pwd_command
                0x000000000040409f                cat_command
                0x00000000004042f0                touch_command
                0x0000000000404306                rm_command
                0x000000000040431c                mkdir_command
                0x0000000000404332                rmdir_command
                0x0000000000404348                exec_command
                0x00000000004045a2                reboot_command
 *(.gnu.warning)

.fini
 *(SORT_NONE(.fini))
                [!provide]                        PROVIDE (__etext = .)
                [!provide]                        PROVIDE (_etext = .)
                [!provide]                        PROVIDE (etext = .)
                0x0000000000405000                . = ALIGN (CONSTANT (MAXPAGESIZE))
                0x0000000000405000                . = SEGMENT_START ("rodata-segment", (ALIGN (CONSTANT (MAXPAGESIZE)) + (. & (CONSTANT (MAXPAGESIZE) - 0x1))))

.rodata         0x0000000000405000      0x530
 *(.rodata .rodata.* .gnu.linkonce.r.*)
 .rodata        0x0000000000405000       0x58 /home/steven/mine/src/user/Build/init.o
 .rodata        0x0000000000405058       0x12 /home/steven/mine/src/user/Build/malloc.o
 *fill*         0x000000000040506a        0x6 
 .rodata        0x0000000000405070      0x378 /home/steven/mine/src/user/Build/printf.o
 .rodata        0x00000000004053e8       0x1f /home/steven/mine/src/user/Build/signal.o
 *fill*         0x0000000000405407        0x1 
 .rodata        0x0000000000405408       0x73 /home/steven/mine/src/user/Build/ls_cd.o
 *fill*         0x000000000040547b        0x5 
 .rodata        0x0000000000405480       0xb0 /home/steven/mine/src/user/Build/pwd_else.o

.rodata1
 *(.rodata1)

.eh_frame_hdr
 *(.eh_frame_hdr)
 *(.eh_frame_entry .eh_frame_entry.*)

.eh_frame       0x0000000000405530      0x720
 *(.eh_frame)
 .eh_frame      0x0000000000405530      0x138 /home/steven/mine/src/user/Build/init.o
 .eh_frame      0x0000000000405668       0x40 /home/steven/mine/src/user/Build/malloc.o
                                         0x58 (size before relaxing)
 .eh_frame      0x00000000004056a8      0x100 /home/steven/mine/src/user/Build/printf.o
                                        0x118 (size before relaxing)
 .eh_frame      0x00000000004057a8      0x168 /home/steven/mine/src/user/Build/string.o
                                        0x180 (size before relaxing)
 .eh_frame      0x0000000000405910       0x60 /home/steven/mine/src/user/Build/dirent.o
                                         0x78 (size before relaxing)
 .eh_frame      0x0000000000405970       0x40 /home/steven/mine/src/user/Build/wait.o
                                         0x58 (size before relaxing)
 .eh_frame      0x00000000004059b0       0x40 /home/steven/mine/src/user/Build/signal.o
                                         0x58 (size before relaxing)
 .eh_frame      0x00000000004059f0       0x60 /home/steven/mine/src/user/Build/time.o
                                         0x78 (size before relaxing)
 .eh_frame      0x0000000000405a50      0x100 /home/steven/mine/src/user/Build/ls_cd.o
                                        0x118 (size before relaxing)
 .eh_frame      0x0000000000405b50      0x100 /home/steven/mine/src/user/Build/pwd_else.o
                                        0x118 (size before relaxing)
 *(.eh_frame.*)

.gcc_except_table
 *(.gcc_except_table .gcc_except_table.*)

.gnu_extab
 *(.gnu_extab*)

.exception_ranges
 *(.exception_ranges*)
                0x0000000000407000                . = DATA_SEGMENT_ALIGN (CONSTANT (MAXPAGESIZE), CONSTANT (COMMONPAGESIZE))

.eh_frame
 *(.eh_frame)
 *(.eh_frame.*)

.gnu_extab
 *(.gnu_extab)

.gcc_except_table
 *(.gcc_except_table .gcc_except_table.*)

.exception_ranges
 *(.exception_ranges*)

.tdata          0x0000000000407000        0x0
                [!provide]                        PROVIDE (__tdata_start = .)
 *(.tdata .tdata.* .gnu.linkonce.td.*)

.tbss
 *(.tbss .tbss.* .gnu.linkonce.tb.*)
 *(.tcommon)

.preinit_array  0x0000000000407000        0x0
                [!provide]                        PROVIDE (__preinit_array_start = .)
 *(.preinit_array)
                [!provide]                        PROVIDE (__preinit_array_end = .)

.init_array     0x0000000000407000        0x0
                [!provide]                        PROVIDE (__init_array_start = .)
 *(SORT_BY_INIT_PRIORITY(.init_array.*) SORT_BY_INIT_PRIORITY(.ctors.*))
 *(.init_array EXCLUDE_FILE(*crtend?.o *crtend.o *crtbegin?.o *crtbegin.o) .ctors)
                [!provide]                        PROVIDE (__init_array_end = .)

.fini_array     0x0000000000407000        0x0
                [!provide]                        PROVIDE (__fini_array_start = .)
 *(SORT_BY_INIT_PRIORITY(.fini_array.*) SORT_BY_INIT_PRIORITY(.dtors.*))
 *(.fini_array EXCLUDE_FILE(*crtend?.o *crtend.o *crtbegin?.o *crtbegin.o) .dtors)
                [!provide]                        PROVIDE (__fini_array_end = .)

.ctors
 *crtbegin.o(.ctors)
 *crtbegin?.o(.ctors)
 *(EXCLUDE_FILE(*crtend?.o *crtend.o) .ctors)
 *(SORT_BY_NAME(.ctors.*))
 *(.ctors)

.dtors
 *crtbegin.o(.dtors)
 *crtbegin?.o(.dtors)
 *(EXCLUDE_FILE(*crtend?.o *crtend.o) .dtors)
 *(SORT_BY_NAME(.dtors.*))
 *(.dtors)

.jcr
 *(.jcr)

.data.rel.ro
 *(.data.rel.ro.local* .gnu.linkonce.d.rel.ro.local.*)
 *(.data.rel.ro .data.rel.ro.* .gnu.linkonce.d.rel.ro.*)

.dynamic
 *(.dynamic)

.got            0x0000000000407000        0x0
 *(.got)
 .got           0x0000000000407000        0x0 /home/steven/mine/src/user/Build/init.o
 *(.igot)
                0x0000000000407000                . = DATA_SEGMENT_RELRO_END (., (SIZEOF (.got.plt) >= 0x18)?0x18:0x0)

.got.plt        0x0000000000407000        0x0
 *(.got.plt)
 .got.plt       0x0000000000407000        0x0 /home/steven/mine/src/user/Build/init.o
 *(.igot.plt)
 .igot.plt      0x0000000000407000        0x0 /home/steven/mine/src/user/Build/init.o

.data           0x0000000000407000      0x4f9
 *(.data .data.* .gnu.linkonce.d.*)
 .data          0x0000000000407000       0xa0 /home/steven/mine/src/user/Build/init.o
                0x0000000000407000                shell_internal_cmd
 .data          0x00000000004070a0        0x0 /home/steven/mine/src/user/Build/syscall.o
 .data          0x00000000004070a0        0x0 /home/steven/mine/src/user/Build/errno.o
 .data          0x00000000004070a0        0x0 /home/steven/mine/src/user/Build/malloc.o
 .data          0x00000000004070a0      0x420 /home/steven/mine/src/user/Build/keyboard.o
                0x00000000004070a0                pausebreak_scode
                0x00000000004070c0                keycode_map_normal
 .data          0x00000000004074c0        0x0 /home/steven/mine/src/user/Build/printf.o
 .data          0x00000000004074c0        0x0 /home/steven/mine/src/user/Build/string.o
 .data          0x00000000004074c0        0x0 /home/steven/mine/src/user/Build/dirent.o
 .data          0x00000000004074c0        0x0 /home/steven/mine/src/user/Build/wait.o
 .data          0x00000000004074c0        0x0 /home/steven/mine/src/user/Build/signal.o
 .data          0x00000000004074c0        0x0 /home/steven/mine/src/user/Build/sig_restore.o
 .data          0x00000000004074c0       0x34 /home/steven/mine/src/user/Build/time.o
 .data          0x00000000004074f4        0x5 /home/steven/mine/src/user/Build/ls_cd.o
                0x00000000004074f4                qualifies
 .data          0x00000000004074f9        0x0 /home/steven/mine/src/user/Build/pwd_else.o

.data1
 *(.data1)
                0x00000000004074f9                _edata = .
                [!provide]                        PROVIDE (edata = .)
                0x00000000004074f9                . = .
                0x00000000004074f9                __bss_start = .

.bss            0x0000000000407500       0x40
 *(.dynbss)
 *(.bss .bss.* .gnu.linkonce.b.*)
 .bss           0x0000000000407500        0x8 /home/steven/mine/src/user/Build/init.o
                0x0000000000407500                current_dir
 .bss           0x0000000000407508        0x0 /home/steven/mine/src/user/Build/syscall.o
 .bss           0x0000000000407508        0x4 /home/steven/mine/src/user/Build/errno.o
                0x0000000000407508                errno
 *fill*         0x000000000040750c        0x4 
 .bss           0x0000000000407510       0x18 /home/steven/mine/src/user/Build/malloc.o
 .bss           0x0000000000407528       0x18 /home/steven/mine/src/user/Build/keyboard.o
                0x0000000000407528                shift_l
                0x000000000040752c                shift_r
                0x0000000000407530                ctrl_l
                0x0000000000407534                ctrl_r
                0x0000000000407538                alt_l
                0x000000000040753c                alt_r
 .bss           0x0000000000407540        0x0 /home/steven/mine/src/user/Build/printf.o
 .bss           0x0000000000407540        0x0 /home/steven/mine/src/user/Build/string.o
 .bss           0x0000000000407540        0x0 /home/steven/mine/src/user/Build/dirent.o
 .bss           0x0000000000407540        0x0 /home/steven/mine/src/user/Build/wait.o
 .bss           0x0000000000407540        0x0 /home/steven/mine/src/user/Build/signal.o
 .bss           0x0000000000407540        0x0 /home/steven/mine/src/user/Build/sig_restore.o
 .bss           0x0000000000407540        0x0 /home/steven/mine/src/user/Build/time.o
 .bss           0x0000000000407540        0x0 /home/steven/mine/src/user/Build/ls_cd.o
 .bss           0x0000000000407540        0x0 /home/steven/mine/src/user/Build/pwd_else.o
 *(COMMON)
                0x0000000000407540                . = ALIGN ((. != 0x0)?0x8:0x1)

.lbss
 *(.dynlbss)
 *(.lbss .lbss.* .gnu.linkonce.lb.*)
 *(LARGE_COMMON)
                0x0000000000407540                . = ALIGN (0x8)
                0x0000000000407540                . = SEGMENT_START ("ldata-segment", .)

.lrodata
 *(.lrodata .lrodata.* .gnu.linkonce.lr.*)

.ldata          0x0000000000409540        0x0
 *(.ldata .ldata.* .gnu.linkonce.l.*)
                0x0000000000409540                . = ALIGN ((. != 0x0)?0x8:0x1)
                0x0000000000409540                . = ALIGN (0x8)
                0x0000000000407540                _end = .
                [!provide]                        PROVIDE (end = .)
                0x0000000000409540                . = DATA_SEGMENT_END (.)

.stab
 *(.stab)

.stabstr
 *(.stabstr)

.stab.excl
 *(.stab.excl)

.stab.exclstr
 *(.stab.exclstr)

.stab.index
 *(.stab.index)

.stab.indexstr
 *(.stab.indexstr)

.comment        0x0000000000000000       0x2b
 *(.comment)
 .comment       0x0000000000000000       0x2b /home/steven/mine/src/user/Build/init.o
                                         0x2c (size before relaxing)
 .comment       0x000000000000002b       0x2c /home/steven/mine/src/user/Build/syscall.o
 .comment       0x000000000000002b       0x2c /home/steven/mine/src/user/Build/errno.o
 .comment       0x000000000000002b       0x2c /home/steven/mine/src/user/Build/malloc.o
 .comment       0x000000000000002b       0x2c /home/steven/mine/src/user/Build/keyboard.o
 .comment       0x000000000000002b       0x2c /home/steven/mine/src/user/Build/printf.o
 .comment       0x000000000000002b       0x2c /home/steven/mine/src/user/Build/string.o
 .comment       0x000000000000002b       0x2c /home/steven/mine/src/user/Build/dirent.o
 .comment       0x000000000000002b       0x2c /home/steven/mine/src/user/Build/wait.o
 .comment       0x000000000000002b       0x2c /home/steven/mine/src/user/Build/signal.o
 .comment       0x000000000000002b       0x2c /home/steven/mine/src/user/Build/time.o
 .comment       0x000000000000002b       0x2c /home/steven/mine/src/user/Build/ls_cd.o
 .comment       0x000000000000002b       0x2c /home/steven/mine/src/user/Build/pwd_else.o

.gnu.build.attributes
 *(.gnu.build.attributes .gnu.build.attributes.*)

.debug
 *(.debug)

.line
 *(.line)

.debug_srcinfo
 *(.debug_srcinfo)

.debug_sfnames
 *(.debug_sfnames)

.debug_aranges
 *(.debug_aranges)

.debug_pubnames
 *(.debug_pubnames)

.debug_info
 *(.debug_info .gnu.linkonce.wi.*)

.debug_abbrev
 *(.debug_abbrev)

.debug_line
 *(.debug_line .debug_line.* .debug_line_end)

.debug_frame
 *(.debug_frame)

.debug_str
 *(.debug_str)

.debug_loc
 *(.debug_loc)

.debug_macinfo
 *(.debug_macinfo)

.debug_weaknames
 *(.debug_weaknames)

.debug_funcnames
 *(.debug_funcnames)

.debug_typenames
 *(.debug_typenames)

.debug_varnames
 *(.debug_varnames)

.debug_pubtypes
 *(.debug_pubtypes)

.debug_ranges
 *(.debug_ranges)

.debug_addr
 *(.debug_addr)

.debug_line_str
 *(.debug_line_str)

.debug_loclists
 *(.debug_loclists)

.debug_macro
 *(.debug_macro)

.debug_names
 *(.debug_names)

.debug_rnglists
 *(.debug_rnglists)

.debug_str_offsets
 *(.debug_str_offsets)

.debug_sup
 *(.debug_sup)

.gnu.attributes
 *(.gnu.attributes)

/DISCARD/
 *(.note.GNU-stack)
 *(.gnu_debuglink)
 *(.gnu.lto_*)
OUTPUT(/home/steven/mine/src/user/Build/init.bin elf64-x86-64)
