
Merging program properties

Removed property 0xc0000002 to merge /home/steven/mine/src/user/Build/init.o (0x3) and /home/steven/mine/src/user/Build/sig_restore.o (not found)
Removed property 0xc0000002 to merge /home/steven/mine/src/user/Build/init.o (not found) and /home/steven/mine/src/user/Build/time.o (0x3)
Removed property 0xc0000002 to merge /home/steven/mine/src/user/Build/init.o (not found) and /home/steven/mine/src/user/Build/ls_cd.o (0x3)
Removed property 0xc0000002 to merge /home/steven/mine/src/user/Build/init.o (not found) and /home/steven/mine/src/user/Build/pwd_else.o (0x3)

Discarded input sections

 .note.GNU-stack
                0x0000000000000000        0x0 /home/steven/mine/src/user/Build/init.o
 .note.gnu.property
                0x0000000000000000       0x20 /home/steven/mine/src/user/Build/init.o
 .note.GNU-stack
                0x0000000000000000        0x0 /home/steven/mine/src/user/Build/syscall.o
 .note.gnu.property
                0x0000000000000000       0x20 /home/steven/mine/src/user/Build/syscall.o
 .note.GNU-stack
                0x0000000000000000        0x0 /home/steven/mine/src/user/Build/errno.o
 .note.gnu.property
                0x0000000000000000       0x20 /home/steven/mine/src/user/Build/errno.o
 .note.GNU-stack
                0x0000000000000000        0x0 /home/steven/mine/src/user/Build/malloc.o
 .note.gnu.property
                0x0000000000000000       0x20 /home/steven/mine/src/user/Build/malloc.o
 .note.GNU-stack
                0x0000000000000000        0x0 /home/steven/mine/src/user/Build/keyboard.o
 .note.gnu.property
                0x0000000000000000       0x20 /home/steven/mine/src/user/Build/keyboard.o
 .note.GNU-stack
                0x0000000000000000        0x0 /home/steven/mine/src/user/Build/printf.o
 .note.gnu.property
                0x0000000000000000       0x20 /home/steven/mine/src/user/Build/printf.o
 .note.GNU-stack
                0x0000000000000000        0x0 /home/steven/mine/src/user/Build/string.o
 .note.gnu.property
                0x0000000000000000       0x20 /home/steven/mine/src/user/Build/string.o
 .note.GNU-stack
                0x0000000000000000        0x0 /home/steven/mine/src/user/Build/dirent.o
 .note.gnu.property
                0x0000000000000000       0x20 /home/steven/mine/src/user/Build/dirent.o
 .note.GNU-stack
                0x0000000000000000        0x0 /home/steven/mine/src/user/Build/wait.o
 .note.gnu.property
                0x0000000000000000       0x20 /home/steven/mine/src/user/Build/wait.o
 .note.GNU-stack
                0x0000000000000000        0x0 /home/steven/mine/src/user/Build/signal.o
 .note.gnu.property
                0x0000000000000000       0x20 /home/steven/mine/src/user/Build/signal.o
 .note.GNU-stack
                0x0000000000000000        0x0 /home/steven/mine/src/user/Build/time.o
 .note.gnu.property
                0x0000000000000000       0x20 /home/steven/mine/src/user/Build/time.o
 .note.GNU-stack
                0x0000000000000000        0x0 /home/steven/mine/src/user/Build/ls_cd.o
 .note.gnu.property
                0x0000000000000000       0x20 /home/steven/mine/src/user/Build/ls_cd.o
 .note.GNU-stack
                0x0000000000000000        0x0 /home/steven/mine/src/user/Build/pwd_else.o
 .note.gnu.property
                0x0000000000000000       0x20 /home/steven/mine/src/user/Build/pwd_else.o

Memory Configuration

Name             Origin             Length             Attributes
*default*        0x0000000000000000 0xffffffffffffffff

Linker script and memory map

TARGET(elf64-x86-64)
LOAD /home/steven/mine/src/user/Build/init.o
LOAD /home/steven/mine/src/user/Build/syscall.o
LOAD /home/steven/mine/src/user/Build/errno.o
LOAD /home/steven/mine/src/user/Build/malloc.o
LOAD /home/steven/mine/src/user/Build/keyboard.o
LOAD /home/steven/mine/src/user/Build/printf.o
LOAD /home/steven/mine/src/user/Build/string.o
LOAD /home/steven/mine/src/user/Build/dirent.o
LOAD /home/steven/mine/src/user/Build/wait.o
LOAD /home/steven/mine/src/user/Build/signal.o
LOAD /home/steven/mine/src/user/Build/sig_restore.o
LOAD /home/steven/mine/src/user/Build/time.o
LOAD /home/steven/mine/src/user/Build/ls_cd.o
LOAD /home/steven/mine/src/user/Build/pwd_else.o
                [!provide]                        PROVIDE (__executable_start = SEGMENT_START ("text-segment", 0x400000))
                0x0000000000400158                . = (SEGMENT_START ("text-segment", 0x400000) + SIZEOF_HEADERS)

.interp
 *(.interp)

.note.gnu.build-id
 *(.note.gnu.build-id)

.hash
 *(.hash)

.gnu.hash
 *(.gnu.hash)

.dynsym
 *(.dynsym)

.dynstr
 *(.dynstr)

.gnu.version
 *(.gnu.version)

.gnu.version_d
 *(.gnu.version_d)

.gnu.version_r
 *(.gnu.version_r)

.rela.dyn       0x0000000000400158        0x0
 *(.rela.init)
 *(.rela.text .rela.text.* .rela.gnu.linkonce.t.*)
 *(.rela.fini)
 *(.rela.rodata .rela.rodata.* .rela.gnu.linkonce.r.*)
 *(.rela.data .rela.data.* .rela.gnu.linkonce.d.*)
 *(.rela.tdata .rela.tdata.* .rela.gnu.linkonce.td.*)
 *(.rela.tbss .rela.tbss.* .rela.gnu.linkonce.tb.*)
 *(.rela.ctors)
 *(.rela.dtors)
 *(.rela.got)
 .rela.got      0x0000000000400158        0x0 /home/steven/mine/src/user/Build/init.o
 *(.rela.bss .rela.bss.* .rela.gnu.linkonce.b.*)
 *(.rela.ldata .rela.ldata.* .rela.gnu.linkonce.l.*)
 *(.rela.lbss .rela.lbss.* .rela.gnu.linkonce.lb.*)
 *(.rela.lrodata .rela.lrodata.* .rela.gnu.linkonce.lr.*)
 *(.rela.ifunc)

.rela.plt       0x0000000000400158        0x0
 *(.rela.plt)
                [!provide]                        PROVIDE (__rela_iplt_start = .)
 *(.rela.iplt)
 .rela.iplt     0x0000000000400158        0x0 /home/steven/mine/src/user/Build/init.o
                [!provide]                        PROVIDE (__rela_iplt_end = .)

.relr.dyn
 *(.relr.dyn)
                0x0000000000401000                . = ALIGN (CONSTANT (MAXPAGESIZE))

.init
 *(SORT_NONE(.init))

.plt            0x0000000000401000        0x0
 *(.plt)
 *(.iplt)
 .iplt          0x0000000000401000        0x0 /home/steven/mine/src/user/Build/init.o

.plt.got
 *(.plt.got)

.plt.sec
 *(.plt.sec)

.text           0x0000000000401000     0x39d2
 *(.text.unlikely .text.*_unlikely .text.unlikely.*)
 *(.text.exit .text.exit.*)
 *(.text.startup .text.startup.*)
 *(.text.hot .text.hot.*)
 *(SORT_BY_NAME(.text.sorted.*))
 *(.text .stub .text.* .gnu.linkonce.t.*)
 .text          0x0000000000401000      0xb4d /home/steven/mine/src/user/Build/init.o
                0x0000000000401000                main
                0x0000000000401307                sig_handler
                0x000000000040133f                print_prompt
                0x00000000004013dc                get_scancode
                0x0000000000401412                analysis_keycode
                0x0000000000401788                find_cmd
                0x00000000004017ec                read_line
                0x000000000040194d                parse_command
                0x0000000000401b09                run_command
 .text          0x0000000000401b4d      0x1a1 /home/steven/mine/src/user/Build/syscall.o
                0x0000000000401b4d                putstring
                0x0000000000401b5d                open
                0x0000000000401b6d                close
                0x0000000000401b7d                read
                0x0000000000401b8d                write
                0x0000000000401b9d                lseek
                0x0000000000401bad                fork
                0x0000000000401bbd                vfork
                0x0000000000401bcd                execve
                0x0000000000401bdd                exit
                0x0000000000401bed                wait4
                0x0000000000401bfd                brk
                0x0000000000401c0d                reboot
                0x0000000000401c1d                chdir
                0x0000000000401c2d                getdents
                0x0000000000401c3d                SIGNAL
                0x0000000000401c4a                KILL
                0x0000000000401c57                sleep
                0x0000000000401c64                getpid
                0x0000000000401c71                mkdir
                0x0000000000401c7e                getcwd
                0x0000000000401c8b                stat
                0x0000000000401c98                tree
                0x0000000000401ca5                cleanScreen
                0x0000000000401cb2                getNow
 .text          0x0000000000401cee        0x0 /home/steven/mine/src/user/Build/errno.o
 .text          0x0000000000401cee      0x162 /home/steven/mine/src/user/Build/malloc.o
                0x0000000000401cee                malloc
                0x0000000000401e41                free
 .text          0x0000000000401e50        0x0 /home/steven/mine/src/user/Build/keyboard.o
 .text          0x0000000000401e50      0xea8 /home/steven/mine/src/user/Build/printf.o
                0x0000000000401e50                skip_atoi
                0x0000000000402131                vsprintf
                0x0000000000402a28                sprintf
                0x0000000000402af1                puts
                0x0000000000402b2e                printf
                0x0000000000402c12                color_printf
 .text          0x0000000000402cf8      0x2f1 /home/steven/mine/src/user/Build/string.o
                0x0000000000402cf8                memcpy
                0x0000000000402d56                memcmp
                0x0000000000402d97                strchr
                0x0000000000402dd3                strrchr
                0x0000000000402e18                memset
                0x0000000000402e92                strcpy
                0x0000000000402ebd                strncpy
                0x0000000000402ef4                strcat
                0x0000000000402f2b                strcmp
                0x0000000000402f6a                strncmp
                0x0000000000402fb6                strlen
 .text          0x0000000000402fe9      0x157 /home/steven/mine/src/user/Build/dirent.o
                0x0000000000402fe9                opendir
                0x000000000040308c                closedir
                0x00000000004030ca                readdir
 .text          0x0000000000403140       0x62 /home/steven/mine/src/user/Build/wait.o
                0x0000000000403140                wait
                0x000000000040316f                waitpid
 .text          0x00000000004031a2       0xd0 /home/steven/mine/src/user/Build/signal.o
                0x00000000004031a2                signal
                0x000000000040320f                kill
 .text          0x0000000000403272       0x1c /home/steven/mine/src/user/Build/sig_restore.o
                0x0000000000403272                _start
                0x0000000000403279                sig_restore
 .text          0x000000000040328e      0x2e9 /home/steven/mine/src/user/Build/time.o
                0x0000000000403333                localtime
 .text          0x0000000000403577      0xe04 /home/steven/mine/src/user/Build/ls_cd.o
                0x0000000000403922                make_clear_abs_path
                0x0000000000403b39                cd_command
                0x0000000000403fa7                reckon_size
                0x0000000000404004                ls_command
 .text          0x000000000040437b      0x657 /home/steven/mine/src/user/Build/pwd_else.o
                0x000000000040437b                pwd_command
                0x0000000000404418                cat_command
                0x0000000000404669                touch_command
                0x000000000040467f                rm_command
                0x0000000000404695                mkdir_command
                0x00000000004046ab                rmdir_command
                0x00000000004046c1                exec_command
                0x00000000004048cc                reboot_command
                0x00000000004048f7                tree_command
                0x0000000000404918                date_command
 *(.gnu.warning)

.fini
 *(SORT_NONE(.fini))
                [!provide]                        PROVIDE (__etext = .)
                [!provide]                        PROVIDE (_etext = .)
                [!provide]                        PROVIDE (etext = .)
                0x0000000000405000                . = ALIGN (CONSTANT (MAXPAGESIZE))
                0x0000000000405000                . = SEGMENT_START ("rodata-segment", (ALIGN (CONSTANT (MAXPAGESIZE)) + (. & (CONSTANT (MAXPAGESIZE) - 0x1))))

.rodata         0x0000000000405000      0x5b4
 *(.rodata .rodata.* .gnu.linkonce.r.*)
 .rodata        0x0000000000405000       0x7e /home/steven/mine/src/user/Build/init.o
 .rodata        0x000000000040507e       0x12 /home/steven/mine/src/user/Build/malloc.o
 .rodata        0x0000000000405090      0x378 /home/steven/mine/src/user/Build/printf.o
 .rodata        0x0000000000405408       0x1f /home/steven/mine/src/user/Build/signal.o
 *fill*         0x0000000000405427        0x1 
 .rodata        0x0000000000405428       0x73 /home/steven/mine/src/user/Build/ls_cd.o
 *fill*         0x000000000040549b        0x5 
 .rodata        0x00000000004054a0      0x114 /home/steven/mine/src/user/Build/pwd_else.o

.rodata1
 *(.rodata1)

.eh_frame_hdr
 *(.eh_frame_hdr)
 *(.eh_frame_entry .eh_frame_entry.*)

.eh_frame       0x00000000004055b8      0x740
 *(.eh_frame)
 .eh_frame      0x00000000004055b8      0x138 /home/steven/mine/src/user/Build/init.o
 .eh_frame      0x00000000004056f0       0x40 /home/steven/mine/src/user/Build/malloc.o
                                         0x58 (size before relaxing)
 .eh_frame      0x0000000000405730       0xe0 /home/steven/mine/src/user/Build/printf.o
                                         0xf8 (size before relaxing)
 .eh_frame      0x0000000000405810      0x168 /home/steven/mine/src/user/Build/string.o
                                        0x180 (size before relaxing)
 .eh_frame      0x0000000000405978       0x60 /home/steven/mine/src/user/Build/dirent.o
                                         0x78 (size before relaxing)
 .eh_frame      0x00000000004059d8       0x40 /home/steven/mine/src/user/Build/wait.o
                                         0x58 (size before relaxing)
 .eh_frame      0x0000000000405a18       0x40 /home/steven/mine/src/user/Build/signal.o
                                         0x58 (size before relaxing)
 .eh_frame      0x0000000000405a58       0x60 /home/steven/mine/src/user/Build/time.o
                                         0x78 (size before relaxing)
 .eh_frame      0x0000000000405ab8      0x100 /home/steven/mine/src/user/Build/ls_cd.o
                                        0x118 (size before relaxing)
 .eh_frame      0x0000000000405bb8      0x140 /home/steven/mine/src/user/Build/pwd_else.o
                                        0x158 (size before relaxing)
 *(.eh_frame.*)

.gcc_except_table
 *(.gcc_except_table .gcc_except_table.*)

.gnu_extab
 *(.gnu_extab*)

.exception_ranges
 *(.exception_ranges*)
                0x0000000000407000                . = DATA_SEGMENT_ALIGN (CONSTANT (MAXPAGESIZE), CONSTANT (COMMONPAGESIZE))

.eh_frame
 *(.eh_frame)
 *(.eh_frame.*)

.gnu_extab
 *(.gnu_extab)

.gcc_except_table
 *(.gcc_except_table .gcc_except_table.*)

.exception_ranges
 *(.exception_ranges*)

.tdata          0x0000000000407000        0x0
                [!provide]                        PROVIDE (__tdata_start = .)
 *(.tdata .tdata.* .gnu.linkonce.td.*)

.tbss
 *(.tbss .tbss.* .gnu.linkonce.tb.*)
 *(.tcommon)

.preinit_array  0x0000000000407000        0x0
                [!provide]                        PROVIDE (__preinit_array_start = .)
 *(.preinit_array)
                [!provide]                        PROVIDE (__preinit_array_end = .)

.init_array     0x0000000000407000        0x0
                [!provide]                        PROVIDE (__init_array_start = .)
 *(SORT_BY_INIT_PRIORITY(.init_array.*) SORT_BY_INIT_PRIORITY(.ctors.*))
 *(.init_array EXCLUDE_FILE(*crtend?.o *crtend.o *crtbegin?.o *crtbegin.o) .ctors)
                [!provide]                        PROVIDE (__init_array_end = .)

.fini_array     0x0000000000407000        0x0
                [!provide]                        PROVIDE (__fini_array_start = .)
 *(SORT_BY_INIT_PRIORITY(.fini_array.*) SORT_BY_INIT_PRIORITY(.dtors.*))
 *(.fini_array EXCLUDE_FILE(*crtend?.o *crtend.o *crtbegin?.o *crtbegin.o) .dtors)
                [!provide]                        PROVIDE (__fini_array_end = .)

.ctors
 *crtbegin.o(.ctors)
 *crtbegin?.o(.ctors)
 *(EXCLUDE_FILE(*crtend?.o *crtend.o) .ctors)
 *(SORT_BY_NAME(.ctors.*))
 *(.ctors)

.dtors
 *crtbegin.o(.dtors)
 *crtbegin?.o(.dtors)
 *(EXCLUDE_FILE(*crtend?.o *crtend.o) .dtors)
 *(SORT_BY_NAME(.dtors.*))
 *(.dtors)

.jcr
 *(.jcr)

.data.rel.ro
 *(.data.rel.ro.local* .gnu.linkonce.d.rel.ro.local.*)
 *(.data.rel.ro .data.rel.ro.* .gnu.linkonce.d.rel.ro.*)

.dynamic
 *(.dynamic)

.got            0x0000000000407000        0x0
 *(.got)
 .got           0x0000000000407000        0x0 /home/steven/mine/src/user/Build/init.o
 *(.igot)
                0x0000000000407000                . = DATA_SEGMENT_RELRO_END (., (SIZEOF (.got.plt) >= 0x18)?0x18:0x0)

.got.plt        0x0000000000407000        0x0
 *(.got.plt)
 .got.plt       0x0000000000407000        0x0 /home/steven/mine/src/user/Build/init.o
 *(.igot.plt)
 .igot.plt      0x0000000000407000        0x0 /home/steven/mine/src/user/Build/init.o

.data           0x0000000000407000      0x5c0
 *(.data .data.* .gnu.linkonce.d.*)
 .data          0x0000000000407000       0xc0 /home/steven/mine/src/user/Build/init.o
                0x0000000000407000                shell_internal_cmd
 .data          0x00000000004070c0        0x0 /home/steven/mine/src/user/Build/syscall.o
 .data          0x00000000004070c0        0x0 /home/steven/mine/src/user/Build/errno.o
 .data          0x00000000004070c0        0x0 /home/steven/mine/src/user/Build/malloc.o
 .data          0x00000000004070c0      0x420 /home/steven/mine/src/user/Build/keyboard.o
                0x00000000004070c0                pausebreak_scode
                0x00000000004070e0                keycode_map_normal
 .data          0x00000000004074e0        0x0 /home/steven/mine/src/user/Build/printf.o
 .data          0x00000000004074e0        0x0 /home/steven/mine/src/user/Build/string.o
 .data          0x00000000004074e0        0x0 /home/steven/mine/src/user/Build/dirent.o
 .data          0x00000000004074e0        0x0 /home/steven/mine/src/user/Build/wait.o
 .data          0x00000000004074e0        0x0 /home/steven/mine/src/user/Build/signal.o
 .data          0x00000000004074e0        0x0 /home/steven/mine/src/user/Build/sig_restore.o
 .data          0x00000000004074e0       0x34 /home/steven/mine/src/user/Build/time.o
 .data          0x0000000000407514        0x5 /home/steven/mine/src/user/Build/ls_cd.o
                0x0000000000407514                qualifies
 *fill*         0x0000000000407519        0x7 
 .data          0x0000000000407520       0xa0 /home/steven/mine/src/user/Build/pwd_else.o

.data1
 *(.data1)
                0x00000000004075c0                _edata = .
                [!provide]                        PROVIDE (edata = .)
                0x00000000004075c0                . = .
                0x00000000004075c0                __bss_start = .

.bss            0x00000000004075c0       0x40
 *(.dynbss)
 *(.bss .bss.* .gnu.linkonce.b.*)
 .bss           0x00000000004075c0        0x8 /home/steven/mine/src/user/Build/init.o
                0x00000000004075c0                current_dir
 .bss           0x00000000004075c8        0x0 /home/steven/mine/src/user/Build/syscall.o
 .bss           0x00000000004075c8        0x4 /home/steven/mine/src/user/Build/errno.o
                0x00000000004075c8                errno
 *fill*         0x00000000004075cc        0x4 
 .bss           0x00000000004075d0       0x18 /home/steven/mine/src/user/Build/malloc.o
 .bss           0x00000000004075e8       0x18 /home/steven/mine/src/user/Build/keyboard.o
                0x00000000004075e8                shift_l
                0x00000000004075ec                shift_r
                0x00000000004075f0                ctrl_l
                0x00000000004075f4                ctrl_r
                0x00000000004075f8                alt_l
                0x00000000004075fc                alt_r
 .bss           0x0000000000407600        0x0 /home/steven/mine/src/user/Build/printf.o
 .bss           0x0000000000407600        0x0 /home/steven/mine/src/user/Build/string.o
 .bss           0x0000000000407600        0x0 /home/steven/mine/src/user/Build/dirent.o
 .bss           0x0000000000407600        0x0 /home/steven/mine/src/user/Build/wait.o
 .bss           0x0000000000407600        0x0 /home/steven/mine/src/user/Build/signal.o
 .bss           0x0000000000407600        0x0 /home/steven/mine/src/user/Build/sig_restore.o
 .bss           0x0000000000407600        0x0 /home/steven/mine/src/user/Build/time.o
 .bss           0x0000000000407600        0x0 /home/steven/mine/src/user/Build/ls_cd.o
 .bss           0x0000000000407600        0x0 /home/steven/mine/src/user/Build/pwd_else.o
 *(COMMON)
                0x0000000000407600                . = ALIGN ((. != 0x0)?0x8:0x1)

.lbss
 *(.dynlbss)
 *(.lbss .lbss.* .gnu.linkonce.lb.*)
 *(LARGE_COMMON)
                0x0000000000407600                . = ALIGN (0x8)
                0x0000000000407600                . = SEGMENT_START ("ldata-segment", .)

.lrodata
 *(.lrodata .lrodata.* .gnu.linkonce.lr.*)

.ldata          0x0000000000409600        0x0
 *(.ldata .ldata.* .gnu.linkonce.l.*)
                0x0000000000409600                . = ALIGN ((. != 0x0)?0x8:0x1)
                0x0000000000409600                . = ALIGN (0x8)
                0x0000000000407600                _end = .
                [!provide]                        PROVIDE (end = .)
                0x0000000000409600                . = DATA_SEGMENT_END (.)

.stab
 *(.stab)

.stabstr
 *(.stabstr)

.stab.excl
 *(.stab.excl)

.stab.exclstr
 *(.stab.exclstr)

.stab.index
 *(.stab.index)

.stab.indexstr
 *(.stab.indexstr)

.comment        0x0000000000000000       0x2b
 *(.comment)
 .comment       0x0000000000000000       0x2b /home/steven/mine/src/user/Build/init.o
                                         0x2c (size before relaxing)
 .comment       0x000000000000002b       0x2c /home/steven/mine/src/user/Build/syscall.o
 .comment       0x000000000000002b       0x2c /home/steven/mine/src/user/Build/errno.o
 .comment       0x000000000000002b       0x2c /home/steven/mine/src/user/Build/malloc.o
 .comment       0x000000000000002b       0x2c /home/steven/mine/src/user/Build/keyboard.o
 .comment       0x000000000000002b       0x2c /home/steven/mine/src/user/Build/printf.o
 .comment       0x000000000000002b       0x2c /home/steven/mine/src/user/Build/string.o
 .comment       0x000000000000002b       0x2c /home/steven/mine/src/user/Build/dirent.o
 .comment       0x000000000000002b       0x2c /home/steven/mine/src/user/Build/wait.o
 .comment       0x000000000000002b       0x2c /home/steven/mine/src/user/Build/signal.o
 .comment       0x000000000000002b       0x2c /home/steven/mine/src/user/Build/time.o
 .comment       0x000000000000002b       0x2c /home/steven/mine/src/user/Build/ls_cd.o
 .comment       0x000000000000002b       0x2c /home/steven/mine/src/user/Build/pwd_else.o

.gnu.build.attributes
 *(.gnu.build.attributes .gnu.build.attributes.*)

.debug
 *(.debug)

.line
 *(.line)

.debug_srcinfo
 *(.debug_srcinfo)

.debug_sfnames
 *(.debug_sfnames)

.debug_aranges  0x0000000000000000      0x250
 *(.debug_aranges)
 .debug_aranges
                0x0000000000000000       0x30 /home/steven/mine/src/user/Build/init.o
 .debug_aranges
                0x0000000000000030       0x20 /home/steven/mine/src/user/Build/errno.o
 .debug_aranges
                0x0000000000000050       0x30 /home/steven/mine/src/user/Build/malloc.o
 .debug_aranges
                0x0000000000000080       0x20 /home/steven/mine/src/user/Build/keyboard.o
 .debug_aranges
                0x00000000000000a0       0x30 /home/steven/mine/src/user/Build/printf.o
 .debug_aranges
                0x00000000000000d0       0x30 /home/steven/mine/src/user/Build/string.o
 .debug_aranges
                0x0000000000000100       0x30 /home/steven/mine/src/user/Build/dirent.o
 .debug_aranges
                0x0000000000000130       0x30 /home/steven/mine/src/user/Build/wait.o
 .debug_aranges
                0x0000000000000160       0x30 /home/steven/mine/src/user/Build/signal.o
 .debug_aranges
                0x0000000000000190       0x30 /home/steven/mine/src/user/Build/sig_restore.o
 .debug_aranges
                0x00000000000001c0       0x30 /home/steven/mine/src/user/Build/time.o
 .debug_aranges
                0x00000000000001f0       0x30 /home/steven/mine/src/user/Build/ls_cd.o
 .debug_aranges
                0x0000000000000220       0x30 /home/steven/mine/src/user/Build/pwd_else.o

.debug_pubnames
 *(.debug_pubnames)

.debug_info     0x0000000000000000     0x300f
 *(.debug_info .gnu.linkonce.wi.*)
 .debug_info    0x0000000000000000      0x8cb /home/steven/mine/src/user/Build/init.o
 .debug_info    0x00000000000008cb       0x44 /home/steven/mine/src/user/Build/errno.o
 .debug_info    0x000000000000090f      0x161 /home/steven/mine/src/user/Build/malloc.o
 .debug_info    0x0000000000000a70      0x14b /home/steven/mine/src/user/Build/keyboard.o
 .debug_info    0x0000000000000bbb      0x59a /home/steven/mine/src/user/Build/printf.o
 .debug_info    0x0000000000001155      0x3e3 /home/steven/mine/src/user/Build/string.o
 .debug_info    0x0000000000001538      0x2b3 /home/steven/mine/src/user/Build/dirent.o
 .debug_info    0x00000000000017eb       0xf1 /home/steven/mine/src/user/Build/wait.o
 .debug_info    0x00000000000018dc      0x187 /home/steven/mine/src/user/Build/signal.o
 .debug_info    0x0000000000001a63       0x28 /home/steven/mine/src/user/Build/sig_restore.o
 .debug_info    0x0000000000001a8b      0x20d /home/steven/mine/src/user/Build/time.o
 .debug_info    0x0000000000001c98      0xaeb /home/steven/mine/src/user/Build/ls_cd.o
 .debug_info    0x0000000000002783      0x88c /home/steven/mine/src/user/Build/pwd_else.o

.debug_abbrev   0x0000000000000000      0xe27
 *(.debug_abbrev)
 .debug_abbrev  0x0000000000000000      0x239 /home/steven/mine/src/user/Build/init.o
 .debug_abbrev  0x0000000000000239       0x3d /home/steven/mine/src/user/Build/errno.o
 .debug_abbrev  0x0000000000000276       0xde /home/steven/mine/src/user/Build/malloc.o
 .debug_abbrev  0x0000000000000354       0x72 /home/steven/mine/src/user/Build/keyboard.o
 .debug_abbrev  0x00000000000003c6      0x1d0 /home/steven/mine/src/user/Build/printf.o
 .debug_abbrev  0x0000000000000596       0xc3 /home/steven/mine/src/user/Build/string.o
 .debug_abbrev  0x0000000000000659      0x14b /home/steven/mine/src/user/Build/dirent.o
 .debug_abbrev  0x00000000000007a4       0xaa /home/steven/mine/src/user/Build/wait.o
 .debug_abbrev  0x000000000000084e       0xf4 /home/steven/mine/src/user/Build/signal.o
 .debug_abbrev  0x0000000000000942       0x14 /home/steven/mine/src/user/Build/sig_restore.o
 .debug_abbrev  0x0000000000000956      0x128 /home/steven/mine/src/user/Build/time.o
 .debug_abbrev  0x0000000000000a7e      0x21e /home/steven/mine/src/user/Build/ls_cd.o
 .debug_abbrev  0x0000000000000c9c      0x18b /home/steven/mine/src/user/Build/pwd_else.o

.debug_line     0x0000000000000000     0x1392
 *(.debug_line .debug_line.* .debug_line_end)
 .debug_line    0x0000000000000000      0x38b /home/steven/mine/src/user/Build/init.o
 .debug_line    0x000000000000038b        0x0 /home/steven/mine/src/user/Build/syscall.o
 .debug_line    0x000000000000038b       0x43 /home/steven/mine/src/user/Build/errno.o
 .debug_line    0x00000000000003ce       0xa3 /home/steven/mine/src/user/Build/malloc.o
 .debug_line    0x0000000000000471       0x43 /home/steven/mine/src/user/Build/keyboard.o
 .debug_line    0x00000000000004b4      0x4ad /home/steven/mine/src/user/Build/printf.o
 .debug_line    0x0000000000000961      0x122 /home/steven/mine/src/user/Build/string.o
 .debug_line    0x0000000000000a83       0xbf /home/steven/mine/src/user/Build/dirent.o
 .debug_line    0x0000000000000b42       0x68 /home/steven/mine/src/user/Build/wait.o
 .debug_line    0x0000000000000baa       0x91 /home/steven/mine/src/user/Build/signal.o
 .debug_line    0x0000000000000c3b       0x57 /home/steven/mine/src/user/Build/sig_restore.o
 .debug_line    0x0000000000000c92      0x147 /home/steven/mine/src/user/Build/time.o
 .debug_line    0x0000000000000dd9      0x3cd /home/steven/mine/src/user/Build/ls_cd.o
 .debug_line    0x00000000000011a6      0x1ec /home/steven/mine/src/user/Build/pwd_else.o

.debug_frame
 *(.debug_frame)

.debug_str      0x0000000000000000      0x77b
 *(.debug_str)
 .debug_str     0x0000000000000000      0x2eb /home/steven/mine/src/user/Build/init.o
                                        0x30e (size before relaxing)
 .debug_str     0x00000000000002eb       0xb8 /home/steven/mine/src/user/Build/syscall.o
 .debug_str     0x00000000000002eb        0x6 /home/steven/mine/src/user/Build/errno.o
                                         0xbe (size before relaxing)
 .debug_str     0x00000000000002f1       0x40 /home/steven/mine/src/user/Build/malloc.o
                                        0x137 (size before relaxing)
 .debug_str     0x0000000000000331      0x133 /home/steven/mine/src/user/Build/keyboard.o
 .debug_str     0x0000000000000331       0xe4 /home/steven/mine/src/user/Build/printf.o
                                        0x204 (size before relaxing)
 .debug_str     0x0000000000000415       0x96 /home/steven/mine/src/user/Build/string.o
                                        0x1a4 (size before relaxing)
 .debug_str     0x00000000000004ab       0x59 /home/steven/mine/src/user/Build/dirent.o
                                        0x163 (size before relaxing)
 .debug_str     0x0000000000000504       0x22 /home/steven/mine/src/user/Build/wait.o
                                         0xda (size before relaxing)
 .debug_str     0x0000000000000526       0x1f /home/steven/mine/src/user/Build/signal.o
                                        0x12b (size before relaxing)
 .debug_str     0x0000000000000545       0x54 /home/steven/mine/src/user/Build/sig_restore.o
 .debug_str     0x0000000000000599       0x6c /home/steven/mine/src/user/Build/time.o
                                        0x18d (size before relaxing)
 .debug_str     0x0000000000000605      0x128 /home/steven/mine/src/user/Build/ls_cd.o
                                        0x379 (size before relaxing)
 .debug_str     0x000000000000072d       0x4e /home/steven/mine/src/user/Build/pwd_else.o
                                        0x2a6 (size before relaxing)

.debug_loc
 *(.debug_loc)

.debug_macinfo
 *(.debug_macinfo)

.debug_weaknames
 *(.debug_weaknames)

.debug_funcnames
 *(.debug_funcnames)

.debug_typenames
 *(.debug_typenames)

.debug_varnames
 *(.debug_varnames)

.debug_pubtypes
 *(.debug_pubtypes)

.debug_ranges
 *(.debug_ranges)

.debug_addr
 *(.debug_addr)

.debug_line_str
                0x0000000000000000      0x368
 *(.debug_line_str)
 .debug_line_str
                0x0000000000000000       0xc9 /home/steven/mine/src/user/Build/init.o
                                        0x10d (size before relaxing)
 .debug_line_str
                0x00000000000000c9       0x25 /home/steven/mine/src/user/Build/syscall.o
                                         0x40 (size before relaxing)
 .debug_line_str
                0x00000000000000ee       0x4e /home/steven/mine/src/user/Build/errno.o
                                         0xbc (size before relaxing)
 .debug_line_str
                0x000000000000013c       0x24 /home/steven/mine/src/user/Build/malloc.o
                                         0xb2 (size before relaxing)
 .debug_line_str
                0x0000000000000160       0x2a /home/steven/mine/src/user/Build/keyboard.o
                                         0xc8 (size before relaxing)
 .debug_line_str
                0x000000000000018a       0x65 /home/steven/mine/src/user/Build/printf.o
                                        0x128 (size before relaxing)
 .debug_line_str
                0x00000000000001ef       0x28 /home/steven/mine/src/user/Build/string.o
                                         0x8f (size before relaxing)
 .debug_line_str
                0x0000000000000217       0x2d /home/steven/mine/src/user/Build/dirent.o
                                         0xf6 (size before relaxing)
 .debug_line_str
                0x0000000000000244       0x26 /home/steven/mine/src/user/Build/wait.o
                                         0xb5 (size before relaxing)
 .debug_line_str
                0x000000000000026a       0x28 /home/steven/mine/src/user/Build/signal.o
                                         0xc3 (size before relaxing)
 .debug_line_str
                0x0000000000000292        0xe /home/steven/mine/src/user/Build/sig_restore.o
                                         0x56 (size before relaxing)
 .debug_line_str
                0x00000000000002a0       0x35 /home/steven/mine/src/user/Build/time.o
                                         0xc0 (size before relaxing)
 .debug_line_str
                0x00000000000002d5       0x55 /home/steven/mine/src/user/Build/ls_cd.o
                                        0x118 (size before relaxing)
 .debug_line_str
                0x000000000000032a       0x3e /home/steven/mine/src/user/Build/pwd_else.o
                                        0x13c (size before relaxing)

.debug_loclists
 *(.debug_loclists)

.debug_macro
 *(.debug_macro)

.debug_names
 *(.debug_names)

.debug_rnglists
                0x0000000000000000       0x17
 *(.debug_rnglists)
 .debug_rnglists
                0x0000000000000000       0x17 /home/steven/mine/src/user/Build/ls_cd.o

.debug_str_offsets
 *(.debug_str_offsets)

.debug_sup
 *(.debug_sup)

.gnu.attributes
 *(.gnu.attributes)

/DISCARD/
 *(.note.GNU-stack)
 *(.gnu_debuglink)
 *(.gnu.lto_*)
OUTPUT(/home/steven/mine/src/user/Build/init.bin elf64-x86-64)
