
Merging program properties

Removed property 0xc0000002 to merge /home/steven/mine/src/user/Build/init.o (0x3) and /home/steven/mine/src/user/Build/sig_restore.o (not found)
Removed property 0xc0000002 to merge /home/steven/mine/src/user/Build/init.o (not found) and /home/steven/mine/src/user/Build/time.o (0x3)
Removed property 0xc0000002 to merge /home/steven/mine/src/user/Build/init.o (not found) and /home/steven/mine/src/user/Build/ls_cd.o (0x3)
Removed property 0xc0000002 to merge /home/steven/mine/src/user/Build/init.o (not found) and /home/steven/mine/src/user/Build/pwd_else.o (0x3)

Discarded input sections

 .note.GNU-stack
                0x0000000000000000        0x0 /home/steven/mine/src/user/Build/init.o
 .note.gnu.property
                0x0000000000000000       0x20 /home/steven/mine/src/user/Build/init.o
 .note.GNU-stack
                0x0000000000000000        0x0 /home/steven/mine/src/user/Build/syscall.o
 .note.gnu.property
                0x0000000000000000       0x20 /home/steven/mine/src/user/Build/syscall.o
 .note.GNU-stack
                0x0000000000000000        0x0 /home/steven/mine/src/user/Build/errno.o
 .note.gnu.property
                0x0000000000000000       0x20 /home/steven/mine/src/user/Build/errno.o
 .note.GNU-stack
                0x0000000000000000        0x0 /home/steven/mine/src/user/Build/malloc.o
 .note.gnu.property
                0x0000000000000000       0x20 /home/steven/mine/src/user/Build/malloc.o
 .note.GNU-stack
                0x0000000000000000        0x0 /home/steven/mine/src/user/Build/keyboard.o
 .note.gnu.property
                0x0000000000000000       0x20 /home/steven/mine/src/user/Build/keyboard.o
 .note.GNU-stack
                0x0000000000000000        0x0 /home/steven/mine/src/user/Build/printf.o
 .note.gnu.property
                0x0000000000000000       0x20 /home/steven/mine/src/user/Build/printf.o
 .note.GNU-stack
                0x0000000000000000        0x0 /home/steven/mine/src/user/Build/string.o
 .note.gnu.property
                0x0000000000000000       0x20 /home/steven/mine/src/user/Build/string.o
 .note.GNU-stack
                0x0000000000000000        0x0 /home/steven/mine/src/user/Build/dirent.o
 .note.gnu.property
                0x0000000000000000       0x20 /home/steven/mine/src/user/Build/dirent.o
 .note.GNU-stack
                0x0000000000000000        0x0 /home/steven/mine/src/user/Build/wait.o
 .note.gnu.property
                0x0000000000000000       0x20 /home/steven/mine/src/user/Build/wait.o
 .note.GNU-stack
                0x0000000000000000        0x0 /home/steven/mine/src/user/Build/signal.o
 .note.gnu.property
                0x0000000000000000       0x20 /home/steven/mine/src/user/Build/signal.o
 .note.GNU-stack
                0x0000000000000000        0x0 /home/steven/mine/src/user/Build/time.o
 .note.gnu.property
                0x0000000000000000       0x20 /home/steven/mine/src/user/Build/time.o
 .note.GNU-stack
                0x0000000000000000        0x0 /home/steven/mine/src/user/Build/ls_cd.o
 .note.gnu.property
                0x0000000000000000       0x20 /home/steven/mine/src/user/Build/ls_cd.o
 .note.GNU-stack
                0x0000000000000000        0x0 /home/steven/mine/src/user/Build/pwd_else.o
 .note.gnu.property
                0x0000000000000000       0x20 /home/steven/mine/src/user/Build/pwd_else.o

Memory Configuration

Name             Origin             Length             Attributes
*default*        0x0000000000000000 0xffffffffffffffff

Linker script and memory map

TARGET(elf64-x86-64)
LOAD /home/steven/mine/src/user/Build/init.o
LOAD /home/steven/mine/src/user/Build/syscall.o
LOAD /home/steven/mine/src/user/Build/errno.o
LOAD /home/steven/mine/src/user/Build/malloc.o
LOAD /home/steven/mine/src/user/Build/keyboard.o
LOAD /home/steven/mine/src/user/Build/printf.o
LOAD /home/steven/mine/src/user/Build/string.o
LOAD /home/steven/mine/src/user/Build/dirent.o
LOAD /home/steven/mine/src/user/Build/wait.o
LOAD /home/steven/mine/src/user/Build/signal.o
LOAD /home/steven/mine/src/user/Build/sig_restore.o
LOAD /home/steven/mine/src/user/Build/time.o
LOAD /home/steven/mine/src/user/Build/ls_cd.o
LOAD /home/steven/mine/src/user/Build/pwd_else.o
                [!provide]                        PROVIDE (__executable_start = SEGMENT_START ("text-segment", 0x400000))
                0x0000000000400158                . = (SEGMENT_START ("text-segment", 0x400000) + SIZEOF_HEADERS)

.interp
 *(.interp)

.note.gnu.build-id
 *(.note.gnu.build-id)

.hash
 *(.hash)

.gnu.hash
 *(.gnu.hash)

.dynsym
 *(.dynsym)

.dynstr
 *(.dynstr)

.gnu.version
 *(.gnu.version)

.gnu.version_d
 *(.gnu.version_d)

.gnu.version_r
 *(.gnu.version_r)

.rela.dyn       0x0000000000400158        0x0
 *(.rela.init)
 *(.rela.text .rela.text.* .rela.gnu.linkonce.t.*)
 *(.rela.fini)
 *(.rela.rodata .rela.rodata.* .rela.gnu.linkonce.r.*)
 *(.rela.data .rela.data.* .rela.gnu.linkonce.d.*)
 *(.rela.tdata .rela.tdata.* .rela.gnu.linkonce.td.*)
 *(.rela.tbss .rela.tbss.* .rela.gnu.linkonce.tb.*)
 *(.rela.ctors)
 *(.rela.dtors)
 *(.rela.got)
 .rela.got      0x0000000000400158        0x0 /home/steven/mine/src/user/Build/init.o
 *(.rela.bss .rela.bss.* .rela.gnu.linkonce.b.*)
 *(.rela.ldata .rela.ldata.* .rela.gnu.linkonce.l.*)
 *(.rela.lbss .rela.lbss.* .rela.gnu.linkonce.lb.*)
 *(.rela.lrodata .rela.lrodata.* .rela.gnu.linkonce.lr.*)
 *(.rela.ifunc)

.rela.plt       0x0000000000400158        0x0
 *(.rela.plt)
                [!provide]                        PROVIDE (__rela_iplt_start = .)
 *(.rela.iplt)
 .rela.iplt     0x0000000000400158        0x0 /home/steven/mine/src/user/Build/init.o
                [!provide]                        PROVIDE (__rela_iplt_end = .)

.relr.dyn
 *(.relr.dyn)
                0x0000000000401000                . = ALIGN (CONSTANT (MAXPAGESIZE))

.init
 *(SORT_NONE(.init))

.plt            0x0000000000401000        0x0
 *(.plt)
 *(.iplt)
 .iplt          0x0000000000401000        0x0 /home/steven/mine/src/user/Build/init.o

.plt.got
 *(.plt.got)

.plt.sec
 *(.plt.sec)

.text           0x0000000000401000     0x38ca
 *(.text.unlikely .text.*_unlikely .text.unlikely.*)
 *(.text.exit .text.exit.*)
 *(.text.startup .text.startup.*)
 *(.text.hot .text.hot.*)
 *(SORT_BY_NAME(.text.sorted.*))
 *(.text .stub .text.* .gnu.linkonce.t.*)
 .text          0x0000000000401000      0xace /home/steven/mine/src/user/Build/init.o
                0x0000000000401000                main
                0x0000000000401307                sig_handler
                0x000000000040133f                print_prompt
                0x00000000004013dc                get_scancode
                0x0000000000401412                analysis_keycode
                0x000000000040176b                find_cmd
                0x00000000004017cf                read_line
                0x00000000004018ce                parse_command
                0x0000000000401a8a                run_command
 .text          0x0000000000401ace      0x171 /home/steven/mine/src/user/Build/syscall.o
                0x0000000000401ace                putstring
                0x0000000000401ade                open
                0x0000000000401aee                close
                0x0000000000401afe                read
                0x0000000000401b0e                write
                0x0000000000401b1e                lseek
                0x0000000000401b2e                fork
                0x0000000000401b3e                vfork
                0x0000000000401b4e                execve
                0x0000000000401b5e                exit
                0x0000000000401b6e                wait4
                0x0000000000401b7e                brk
                0x0000000000401b8e                reboot
                0x0000000000401b9b                chdir
                0x0000000000401ba8                getdents
                0x0000000000401bb5                SIGNAL
                0x0000000000401bc2                KILL
                0x0000000000401bcf                sleep
                0x0000000000401bdc                getpid
                0x0000000000401be9                mkdir
                0x0000000000401bf6                getcwd
                0x0000000000401c03                stat
 .text          0x0000000000401c3f        0x0 /home/steven/mine/src/user/Build/errno.o
 .text          0x0000000000401c3f      0x162 /home/steven/mine/src/user/Build/malloc.o
                0x0000000000401c3f                malloc
                0x0000000000401d92                free
 .text          0x0000000000401da1        0x0 /home/steven/mine/src/user/Build/keyboard.o
 .text          0x0000000000401da1      0xedb /home/steven/mine/src/user/Build/printf.o
                0x0000000000401da1                strlen
                0x0000000000401dd4                skip_atoi
                0x00000000004020b5                vsprintf
                0x00000000004029ac                sprintf
                0x0000000000402a75                puts
                0x0000000000402ab2                printf
                0x0000000000402b96                color_printf
 .text          0x0000000000402c7c      0x2f1 /home/steven/mine/src/user/Build/string.o
                0x0000000000402c7c                memcpy
                0x0000000000402cda                memcmp
                0x0000000000402d1b                strchr
                0x0000000000402d57                strrchr
                0x0000000000402d9c                memset
                0x0000000000402e16                strcpy
                0x0000000000402e41                strncpy
                0x0000000000402e78                strcat
                0x0000000000402eaf                strcmp
                0x0000000000402eee                strncmp
 .text          0x0000000000402f6d      0x157 /home/steven/mine/src/user/Build/dirent.o
                0x0000000000402f6d                opendir
                0x0000000000403010                closedir
                0x000000000040304e                readdir
 .text          0x00000000004030c4       0x62 /home/steven/mine/src/user/Build/wait.o
                0x00000000004030c4                wait
                0x00000000004030f3                waitpid
 .text          0x0000000000403126       0xd0 /home/steven/mine/src/user/Build/signal.o
                0x0000000000403126                signal
                0x0000000000403193                kill
 .text          0x00000000004031f6       0x1c /home/steven/mine/src/user/Build/sig_restore.o
                0x00000000004031f6                _start
                0x00000000004031fd                sig_restore
 .text          0x0000000000403212      0x2e9 /home/steven/mine/src/user/Build/time.o
                0x00000000004032b7                localtime
 .text          0x00000000004034fb      0xe04 /home/steven/mine/src/user/Build/ls_cd.o
                0x00000000004038a6                make_clear_abs_path
                0x0000000000403abd                cd_command
                0x0000000000403f2b                reckon_size
                0x0000000000403f88                ls_command
 .text          0x00000000004042ff      0x5cb /home/steven/mine/src/user/Build/pwd_else.o
                0x00000000004042ff                pwd_command
                0x000000000040439c                cat_command
                0x00000000004045ed                touch_command
                0x0000000000404603                rm_command
                0x0000000000404619                mkdir_command
                0x000000000040462f                rmdir_command
                0x0000000000404645                exec_command
                0x000000000040489f                reboot_command
 *(.gnu.warning)

.fini
 *(SORT_NONE(.fini))
                [!provide]                        PROVIDE (__etext = .)
                [!provide]                        PROVIDE (_etext = .)
                [!provide]                        PROVIDE (etext = .)
                0x0000000000405000                . = ALIGN (CONSTANT (MAXPAGESIZE))
                0x0000000000405000                . = SEGMENT_START ("rodata-segment", (ALIGN (CONSTANT (MAXPAGESIZE)) + (. & (CONSTANT (MAXPAGESIZE) - 0x1))))

.rodata         0x0000000000405000      0x548
 *(.rodata .rodata.* .gnu.linkonce.r.*)
 .rodata        0x0000000000405000       0x74 /home/steven/mine/src/user/Build/init.o
 .rodata        0x0000000000405074       0x12 /home/steven/mine/src/user/Build/malloc.o
 *fill*         0x0000000000405086        0x2 
 .rodata        0x0000000000405088      0x378 /home/steven/mine/src/user/Build/printf.o
 .rodata        0x0000000000405400       0x1f /home/steven/mine/src/user/Build/signal.o
 *fill*         0x000000000040541f        0x1 
 .rodata        0x0000000000405420       0x73 /home/steven/mine/src/user/Build/ls_cd.o
 *fill*         0x0000000000405493        0x5 
 .rodata        0x0000000000405498       0xb0 /home/steven/mine/src/user/Build/pwd_else.o

.rodata1
 *(.rodata1)

.eh_frame_hdr
 *(.eh_frame_hdr)
 *(.eh_frame_entry .eh_frame_entry.*)

.eh_frame       0x0000000000405548      0x720
 *(.eh_frame)
 .eh_frame      0x0000000000405548      0x138 /home/steven/mine/src/user/Build/init.o
 .eh_frame      0x0000000000405680       0x40 /home/steven/mine/src/user/Build/malloc.o
                                         0x58 (size before relaxing)
 .eh_frame      0x00000000004056c0      0x100 /home/steven/mine/src/user/Build/printf.o
                                        0x118 (size before relaxing)
 .eh_frame      0x00000000004057c0      0x168 /home/steven/mine/src/user/Build/string.o
                                        0x180 (size before relaxing)
 .eh_frame      0x0000000000405928       0x60 /home/steven/mine/src/user/Build/dirent.o
                                         0x78 (size before relaxing)
 .eh_frame      0x0000000000405988       0x40 /home/steven/mine/src/user/Build/wait.o
                                         0x58 (size before relaxing)
 .eh_frame      0x00000000004059c8       0x40 /home/steven/mine/src/user/Build/signal.o
                                         0x58 (size before relaxing)
 .eh_frame      0x0000000000405a08       0x60 /home/steven/mine/src/user/Build/time.o
                                         0x78 (size before relaxing)
 .eh_frame      0x0000000000405a68      0x100 /home/steven/mine/src/user/Build/ls_cd.o
                                        0x118 (size before relaxing)
 .eh_frame      0x0000000000405b68      0x100 /home/steven/mine/src/user/Build/pwd_else.o
                                        0x118 (size before relaxing)
 *(.eh_frame.*)

.gcc_except_table
 *(.gcc_except_table .gcc_except_table.*)

.gnu_extab
 *(.gnu_extab*)

.exception_ranges
 *(.exception_ranges*)
                0x0000000000407000                . = DATA_SEGMENT_ALIGN (CONSTANT (MAXPAGESIZE), CONSTANT (COMMONPAGESIZE))

.eh_frame
 *(.eh_frame)
 *(.eh_frame.*)

.gnu_extab
 *(.gnu_extab)

.gcc_except_table
 *(.gcc_except_table .gcc_except_table.*)

.exception_ranges
 *(.exception_ranges*)

.tdata          0x0000000000407000        0x0
                [!provide]                        PROVIDE (__tdata_start = .)
 *(.tdata .tdata.* .gnu.linkonce.td.*)

.tbss
 *(.tbss .tbss.* .gnu.linkonce.tb.*)
 *(.tcommon)

.preinit_array  0x0000000000407000        0x0
                [!provide]                        PROVIDE (__preinit_array_start = .)
 *(.preinit_array)
                [!provide]                        PROVIDE (__preinit_array_end = .)

.init_array     0x0000000000407000        0x0
                [!provide]                        PROVIDE (__init_array_start = .)
 *(SORT_BY_INIT_PRIORITY(.init_array.*) SORT_BY_INIT_PRIORITY(.ctors.*))
 *(.init_array EXCLUDE_FILE(*crtend?.o *crtend.o *crtbegin?.o *crtbegin.o) .ctors)
                [!provide]                        PROVIDE (__init_array_end = .)

.fini_array     0x0000000000407000        0x0
                [!provide]                        PROVIDE (__fini_array_start = .)
 *(SORT_BY_INIT_PRIORITY(.fini_array.*) SORT_BY_INIT_PRIORITY(.dtors.*))
 *(.fini_array EXCLUDE_FILE(*crtend?.o *crtend.o *crtbegin?.o *crtbegin.o) .dtors)
                [!provide]                        PROVIDE (__fini_array_end = .)

.ctors
 *crtbegin.o(.ctors)
 *crtbegin?.o(.ctors)
 *(EXCLUDE_FILE(*crtend?.o *crtend.o) .ctors)
 *(SORT_BY_NAME(.ctors.*))
 *(.ctors)

.dtors
 *crtbegin.o(.dtors)
 *crtbegin?.o(.dtors)
 *(EXCLUDE_FILE(*crtend?.o *crtend.o) .dtors)
 *(SORT_BY_NAME(.dtors.*))
 *(.dtors)

.jcr
 *(.jcr)

.data.rel.ro
 *(.data.rel.ro.local* .gnu.linkonce.d.rel.ro.local.*)
 *(.data.rel.ro .data.rel.ro.* .gnu.linkonce.d.rel.ro.*)

.dynamic
 *(.dynamic)

.got            0x0000000000407000        0x0
 *(.got)
 .got           0x0000000000407000        0x0 /home/steven/mine/src/user/Build/init.o
 *(.igot)
                0x0000000000407000                . = DATA_SEGMENT_RELRO_END (., (SIZEOF (.got.plt) >= 0x18)?0x18:0x0)

.got.plt        0x0000000000407000        0x0
 *(.got.plt)
 .got.plt       0x0000000000407000        0x0 /home/steven/mine/src/user/Build/init.o
 *(.igot.plt)
 .igot.plt      0x0000000000407000        0x0 /home/steven/mine/src/user/Build/init.o

.data           0x0000000000407000      0x4f9
 *(.data .data.* .gnu.linkonce.d.*)
 .data          0x0000000000407000       0xa0 /home/steven/mine/src/user/Build/init.o
                0x0000000000407000                shell_internal_cmd
 .data          0x00000000004070a0        0x0 /home/steven/mine/src/user/Build/syscall.o
 .data          0x00000000004070a0        0x0 /home/steven/mine/src/user/Build/errno.o
 .data          0x00000000004070a0        0x0 /home/steven/mine/src/user/Build/malloc.o
 .data          0x00000000004070a0      0x420 /home/steven/mine/src/user/Build/keyboard.o
                0x00000000004070a0                pausebreak_scode
                0x00000000004070c0                keycode_map_normal
 .data          0x00000000004074c0        0x0 /home/steven/mine/src/user/Build/printf.o
 .data          0x00000000004074c0        0x0 /home/steven/mine/src/user/Build/string.o
 .data          0x00000000004074c0        0x0 /home/steven/mine/src/user/Build/dirent.o
 .data          0x00000000004074c0        0x0 /home/steven/mine/src/user/Build/wait.o
 .data          0x00000000004074c0        0x0 /home/steven/mine/src/user/Build/signal.o
 .data          0x00000000004074c0        0x0 /home/steven/mine/src/user/Build/sig_restore.o
 .data          0x00000000004074c0       0x34 /home/steven/mine/src/user/Build/time.o
 .data          0x00000000004074f4        0x5 /home/steven/mine/src/user/Build/ls_cd.o
                0x00000000004074f4                qualifies
 .data          0x00000000004074f9        0x0 /home/steven/mine/src/user/Build/pwd_else.o

.data1
 *(.data1)
                0x00000000004074f9                _edata = .
                [!provide]                        PROVIDE (edata = .)
                0x00000000004074f9                . = .
                0x00000000004074f9                __bss_start = .

.bss            0x0000000000407500       0x40
 *(.dynbss)
 *(.bss .bss.* .gnu.linkonce.b.*)
 .bss           0x0000000000407500        0x8 /home/steven/mine/src/user/Build/init.o
                0x0000000000407500                current_dir
 .bss           0x0000000000407508        0x0 /home/steven/mine/src/user/Build/syscall.o
 .bss           0x0000000000407508        0x4 /home/steven/mine/src/user/Build/errno.o
                0x0000000000407508                errno
 *fill*         0x000000000040750c        0x4 
 .bss           0x0000000000407510       0x18 /home/steven/mine/src/user/Build/malloc.o
 .bss           0x0000000000407528       0x18 /home/steven/mine/src/user/Build/keyboard.o
                0x0000000000407528                shift_l
                0x000000000040752c                shift_r
                0x0000000000407530                ctrl_l
                0x0000000000407534                ctrl_r
                0x0000000000407538                alt_l
                0x000000000040753c                alt_r
 .bss           0x0000000000407540        0x0 /home/steven/mine/src/user/Build/printf.o
 .bss           0x0000000000407540        0x0 /home/steven/mine/src/user/Build/string.o
 .bss           0x0000000000407540        0x0 /home/steven/mine/src/user/Build/dirent.o
 .bss           0x0000000000407540        0x0 /home/steven/mine/src/user/Build/wait.o
 .bss           0x0000000000407540        0x0 /home/steven/mine/src/user/Build/signal.o
 .bss           0x0000000000407540        0x0 /home/steven/mine/src/user/Build/sig_restore.o
 .bss           0x0000000000407540        0x0 /home/steven/mine/src/user/Build/time.o
 .bss           0x0000000000407540        0x0 /home/steven/mine/src/user/Build/ls_cd.o
 .bss           0x0000000000407540        0x0 /home/steven/mine/src/user/Build/pwd_else.o
 *(COMMON)
                0x0000000000407540                . = ALIGN ((. != 0x0)?0x8:0x1)

.lbss
 *(.dynlbss)
 *(.lbss .lbss.* .gnu.linkonce.lb.*)
 *(LARGE_COMMON)
                0x0000000000407540                . = ALIGN (0x8)
                0x0000000000407540                . = SEGMENT_START ("ldata-segment", .)

.lrodata
 *(.lrodata .lrodata.* .gnu.linkonce.lr.*)

.ldata          0x0000000000409540        0x0
 *(.ldata .ldata.* .gnu.linkonce.l.*)
                0x0000000000409540                . = ALIGN ((. != 0x0)?0x8:0x1)
                0x0000000000409540                . = ALIGN (0x8)
                0x0000000000407540                _end = .
                [!provide]                        PROVIDE (end = .)
                0x0000000000409540                . = DATA_SEGMENT_END (.)

.stab
 *(.stab)

.stabstr
 *(.stabstr)

.stab.excl
 *(.stab.excl)

.stab.exclstr
 *(.stab.exclstr)

.stab.index
 *(.stab.index)

.stab.indexstr
 *(.stab.indexstr)

.comment        0x0000000000000000       0x2b
 *(.comment)
 .comment       0x0000000000000000       0x2b /home/steven/mine/src/user/Build/init.o
                                         0x2c (size before relaxing)
 .comment       0x000000000000002b       0x2c /home/steven/mine/src/user/Build/syscall.o
 .comment       0x000000000000002b       0x2c /home/steven/mine/src/user/Build/errno.o
 .comment       0x000000000000002b       0x2c /home/steven/mine/src/user/Build/malloc.o
 .comment       0x000000000000002b       0x2c /home/steven/mine/src/user/Build/keyboard.o
 .comment       0x000000000000002b       0x2c /home/steven/mine/src/user/Build/printf.o
 .comment       0x000000000000002b       0x2c /home/steven/mine/src/user/Build/string.o
 .comment       0x000000000000002b       0x2c /home/steven/mine/src/user/Build/dirent.o
 .comment       0x000000000000002b       0x2c /home/steven/mine/src/user/Build/wait.o
 .comment       0x000000000000002b       0x2c /home/steven/mine/src/user/Build/signal.o
 .comment       0x000000000000002b       0x2c /home/steven/mine/src/user/Build/time.o
 .comment       0x000000000000002b       0x2c /home/steven/mine/src/user/Build/ls_cd.o
 .comment       0x000000000000002b       0x2c /home/steven/mine/src/user/Build/pwd_else.o

.gnu.build.attributes
 *(.gnu.build.attributes .gnu.build.attributes.*)

.debug
 *(.debug)

.line
 *(.line)

.debug_srcinfo
 *(.debug_srcinfo)

.debug_sfnames
 *(.debug_sfnames)

.debug_aranges
 *(.debug_aranges)

.debug_pubnames
 *(.debug_pubnames)

.debug_info
 *(.debug_info .gnu.linkonce.wi.*)

.debug_abbrev
 *(.debug_abbrev)

.debug_line
 *(.debug_line .debug_line.* .debug_line_end)

.debug_frame
 *(.debug_frame)

.debug_str
 *(.debug_str)

.debug_loc
 *(.debug_loc)

.debug_macinfo
 *(.debug_macinfo)

.debug_weaknames
 *(.debug_weaknames)

.debug_funcnames
 *(.debug_funcnames)

.debug_typenames
 *(.debug_typenames)

.debug_varnames
 *(.debug_varnames)

.debug_pubtypes
 *(.debug_pubtypes)

.debug_ranges
 *(.debug_ranges)

.debug_addr
 *(.debug_addr)

.debug_line_str
 *(.debug_line_str)

.debug_loclists
 *(.debug_loclists)

.debug_macro
 *(.debug_macro)

.debug_names
 *(.debug_names)

.debug_rnglists
 *(.debug_rnglists)

.debug_str_offsets
 *(.debug_str_offsets)

.debug_sup
 *(.debug_sup)

.gnu.attributes
 *(.gnu.attributes)

/DISCARD/
 *(.note.GNU-stack)
 *(.gnu_debuglink)
 *(.gnu.lto_*)
OUTPUT(/home/steven/mine/src/user/Build/init.bin elf64-x86-64)
