
Merging program properties

Updated property 0xc0010001 (0x9) to merge /home/steven/mine/src/user/Build/init.o (0x1) and /home/steven/mine/src/user/Build/printf.o (0x9)
Updated property 0xc0010002 (0x1) to merge /home/steven/mine/src/user/Build/init.o (0x0) and /home/steven/mine/src/user/Build/printf.o (0x1)
Updated property 0xc0010001 (0x9) to merge /home/steven/mine/src/user/Build/init.o (0x9) and /home/steven/mine/src/user/Build/string.o (0x1)
Updated property 0xc0010001 (0x9) to merge /home/steven/mine/src/user/Build/init.o (0x9) and /home/steven/mine/src/user/Build/dirent.o (0x1)
Updated property 0xc0010002 (0x1) to merge /home/steven/mine/src/user/Build/init.o (0x1) and /home/steven/mine/src/user/Build/dirent.o (0x0)
Updated property 0xc0010001 (0x9) to merge /home/steven/mine/src/user/Build/init.o (0x9) and /home/steven/mine/src/user/Build/wait.o (0x1)
Updated property 0xc0010002 (0x1) to merge /home/steven/mine/src/user/Build/init.o (0x1) and /home/steven/mine/src/user/Build/wait.o (0x0)
Updated property 0xc0010001 (0x9) to merge /home/steven/mine/src/user/Build/init.o (0x9) and /home/steven/mine/src/user/Build/signal.o (0x1)
Updated property 0xc0010002 (0x1) to merge /home/steven/mine/src/user/Build/init.o (0x1) and /home/steven/mine/src/user/Build/signal.o (0x0)
Updated property 0xc0010001 (0x9) to merge /home/steven/mine/src/user/Build/init.o (0x9) and /home/steven/mine/src/user/Build/sig_restore.o (0x1)
Updated property 0xc0010002 (0x1) to merge /home/steven/mine/src/user/Build/init.o (0x1) and /home/steven/mine/src/user/Build/sig_restore.o (0x0)

Discarded input sections

 .note.GNU-stack
                0x0000000000000000        0x0 /home/steven/mine/src/user/Build/init.o
 .note.GNU-stack
                0x0000000000000000        0x0 /home/steven/mine/src/user/Build/syscall.o
 .note.gnu.property
                0x0000000000000000       0x30 /home/steven/mine/src/user/Build/syscall.o
 .note.GNU-stack
                0x0000000000000000        0x0 /home/steven/mine/src/user/Build/errno.o
 .note.gnu.property
                0x0000000000000000       0x30 /home/steven/mine/src/user/Build/errno.o
 .note.GNU-stack
                0x0000000000000000        0x0 /home/steven/mine/src/user/Build/malloc.o
 .note.gnu.property
                0x0000000000000000       0x30 /home/steven/mine/src/user/Build/malloc.o
 .note.GNU-stack
                0x0000000000000000        0x0 /home/steven/mine/src/user/Build/keyboard.o
 .note.gnu.property
                0x0000000000000000       0x30 /home/steven/mine/src/user/Build/keyboard.o
 .note.GNU-stack
                0x0000000000000000        0x0 /home/steven/mine/src/user/Build/printf.o
 .note.gnu.property
                0x0000000000000000       0x30 /home/steven/mine/src/user/Build/printf.o
 .note.GNU-stack
                0x0000000000000000        0x0 /home/steven/mine/src/user/Build/string.o
 .note.gnu.property
                0x0000000000000000       0x30 /home/steven/mine/src/user/Build/string.o
 .note.GNU-stack
                0x0000000000000000        0x0 /home/steven/mine/src/user/Build/dirent.o
 .note.gnu.property
                0x0000000000000000       0x30 /home/steven/mine/src/user/Build/dirent.o
 .note.GNU-stack
                0x0000000000000000        0x0 /home/steven/mine/src/user/Build/wait.o
 .note.gnu.property
                0x0000000000000000       0x30 /home/steven/mine/src/user/Build/wait.o
 .note.GNU-stack
                0x0000000000000000        0x0 /home/steven/mine/src/user/Build/signal.o
 .note.gnu.property
                0x0000000000000000       0x30 /home/steven/mine/src/user/Build/signal.o
 .note.gnu.property
                0x0000000000000000       0x30 /home/steven/mine/src/user/Build/sig_restore.o

Memory Configuration

Name             Origin             Length             Attributes
*default*        0x0000000000000000 0xffffffffffffffff

Linker script and memory map

TARGET(elf64-x86-64)
LOAD /home/steven/mine/src/user/Build/init.o
LOAD /home/steven/mine/src/user/Build/syscall.o
LOAD /home/steven/mine/src/user/Build/errno.o
LOAD /home/steven/mine/src/user/Build/malloc.o
LOAD /home/steven/mine/src/user/Build/keyboard.o
LOAD /home/steven/mine/src/user/Build/printf.o
LOAD /home/steven/mine/src/user/Build/string.o
LOAD /home/steven/mine/src/user/Build/dirent.o
LOAD /home/steven/mine/src/user/Build/wait.o
LOAD /home/steven/mine/src/user/Build/signal.o
LOAD /home/steven/mine/src/user/Build/sig_restore.o
                [!provide]                        PROVIDE (__executable_start = SEGMENT_START ("text-segment", 0x400000))
                0x00000000004001c8                . = (SEGMENT_START ("text-segment", 0x400000) + SIZEOF_HEADERS)

.interp
 *(.interp)

.note.gnu.property
                0x00000000004001c8       0x30
 .note.gnu.property
                0x00000000004001c8       0x30 /home/steven/mine/src/user/Build/init.o

.note.gnu.build-id
 *(.note.gnu.build-id)

.hash
 *(.hash)

.gnu.hash
 *(.gnu.hash)

.dynsym
 *(.dynsym)

.dynstr
 *(.dynstr)

.gnu.version
 *(.gnu.version)

.gnu.version_d
 *(.gnu.version_d)

.gnu.version_r
 *(.gnu.version_r)

.rela.dyn       0x00000000004001f8        0x0
 *(.rela.init)
 *(.rela.text .rela.text.* .rela.gnu.linkonce.t.*)
 *(.rela.fini)
 *(.rela.rodata .rela.rodata.* .rela.gnu.linkonce.r.*)
 *(.rela.data .rela.data.* .rela.gnu.linkonce.d.*)
 *(.rela.tdata .rela.tdata.* .rela.gnu.linkonce.td.*)
 *(.rela.tbss .rela.tbss.* .rela.gnu.linkonce.tb.*)
 *(.rela.ctors)
 *(.rela.dtors)
 *(.rela.got)
 .rela.got      0x00000000004001f8        0x0 /home/steven/mine/src/user/Build/init.o
 *(.rela.bss .rela.bss.* .rela.gnu.linkonce.b.*)
 *(.rela.ldata .rela.ldata.* .rela.gnu.linkonce.l.*)
 *(.rela.lbss .rela.lbss.* .rela.gnu.linkonce.lb.*)
 *(.rela.lrodata .rela.lrodata.* .rela.gnu.linkonce.lr.*)
 *(.rela.ifunc)

.rela.plt       0x00000000004001f8        0x0
 *(.rela.plt)
                [!provide]                        PROVIDE (__rela_iplt_start = .)
 *(.rela.iplt)
 .rela.iplt     0x00000000004001f8        0x0 /home/steven/mine/src/user/Build/init.o
                [!provide]                        PROVIDE (__rela_iplt_end = .)

.relr.dyn
 *(.relr.dyn)
                0x0000000000401000                . = ALIGN (CONSTANT (MAXPAGESIZE))

.init
 *(SORT_NONE(.init))

.plt            0x0000000000401000        0x0
 *(.plt)
 *(.iplt)
 .iplt          0x0000000000401000        0x0 /home/steven/mine/src/user/Build/init.o

.plt.got
 *(.plt.got)

.plt.sec
 *(.plt.sec)

.text           0x0000000000401000     0x24fc
 *(.text.unlikely .text.*_unlikely .text.unlikely.*)
 *(.text.exit .text.exit.*)
 *(.text.startup .text.startup.*)
 *(.text.hot .text.hot.*)
 *(SORT_BY_NAME(.text.sorted.*))
 *(.text .stub .text.* .gnu.linkonce.t.*)
 .text          0x0000000000401000      0xfc0 /home/steven/mine/src/user/Build/init.o
                0x0000000000401000                main
                0x0000000000401006                sig_handler
                0x0000000000401037                get_scancode
                0x0000000000401069                analysis_keycode
                0x00000000004013be                cd_command
                0x000000000040168e                ls_command
                0x0000000000401768                pwd_command
                0x00000000004017b9                cat_command
                0x00000000004019ba                touch_command
                0x00000000004019c8                rm_command
                0x00000000004019d6                mkdir_command
                0x00000000004019e4                rmdir_command
                0x00000000004019f2                exec_command
                0x0000000000401c44                reboot_command
                0x0000000000401c6c                find_cmd
                0x0000000000401ccc                read_line
                0x0000000000401dc7                parse_command
                0x0000000000401f80                run_command
 .text          0x0000000000401fc0      0x141 /home/steven/mine/src/user/Build/syscall.o
                0x0000000000401fc0                putstring
                0x0000000000401fd0                open
                0x0000000000401fe0                close
                0x0000000000401ff0                read
                0x0000000000402000                write
                0x0000000000402010                lseek
                0x0000000000402020                fork
                0x0000000000402030                vfork
                0x0000000000402040                execve
                0x0000000000402050                exit
                0x000000000040205d                wait4
                0x000000000040206a                brk
                0x0000000000402077                reboot
                0x0000000000402084                chdir
                0x0000000000402091                getdents
                0x000000000040209e                SIGNAL
                0x00000000004020ab                KILL
                0x00000000004020b8                sleep
                0x00000000004020c5                getpid
 .text          0x0000000000402101        0x0 /home/steven/mine/src/user/Build/errno.o
 .text          0x0000000000402101      0x17d /home/steven/mine/src/user/Build/malloc.o
                0x0000000000402101                malloc
                0x0000000000402273                free
 .text          0x000000000040227e        0x0 /home/steven/mine/src/user/Build/keyboard.o
 .text          0x000000000040227e      0xda4 /home/steven/mine/src/user/Build/printf.o
                0x000000000040227e                strlen
                0x00000000004022ad                skip_atoi
                0x0000000000402586                vsprintf
                0x0000000000402e77                sprintf
                0x0000000000402f3c                puts
                0x0000000000402f47                printf
 .text          0x0000000000403022      0x24c /home/steven/mine/src/user/Build/string.o
                0x0000000000403022                memcpy
                0x000000000040307c                memcmp
                0x00000000004030b9                memset
                0x000000000040312f                strcpy
                0x0000000000403156                strncpy
                0x0000000000403189                strcat
                0x00000000004031bc                strcmp
                0x00000000004031f7                strncmp
 .text          0x000000000040326e      0x14b /home/steven/mine/src/user/Build/dirent.o
                0x000000000040326e                opendir
                0x000000000040330d                closedir
                0x0000000000403347                readdir
 .text          0x00000000004033b9       0x5a /home/steven/mine/src/user/Build/wait.o
                0x00000000004033b9                wait
                0x00000000004033e4                waitpid
 .text          0x0000000000403413       0xcd /home/steven/mine/src/user/Build/signal.o
                0x0000000000403413                signal
                0x000000000040347c                kill
 .text          0x00000000004034e0       0x1c /home/steven/mine/src/user/Build/sig_restore.o
                0x00000000004034e0                _start
                0x00000000004034e7                sig_restore
 *(.gnu.warning)

.fini
 *(SORT_NONE(.fini))
                [!provide]                        PROVIDE (__etext = .)
                [!provide]                        PROVIDE (_etext = .)
                [!provide]                        PROVIDE (etext = .)
                0x0000000000404000                . = ALIGN (CONSTANT (MAXPAGESIZE))
                0x0000000000404000                . = SEGMENT_START ("rodata-segment", (ALIGN (CONSTANT (MAXPAGESIZE)) + (. & (CONSTANT (MAXPAGESIZE) - 0x1))))

.rodata         0x0000000000404000      0x4c7
 *(.rodata .rodata.* .gnu.linkonce.r.*)
 .rodata        0x0000000000404000      0x11a /home/steven/mine/src/user/Build/init.o
                0x000000000040404f                file_type
 .rodata        0x000000000040411a       0x12 /home/steven/mine/src/user/Build/malloc.o
 *fill*         0x000000000040412c        0x4 
 .rodata        0x0000000000404130      0x378 /home/steven/mine/src/user/Build/printf.o
 .rodata        0x00000000004044a8       0x1f /home/steven/mine/src/user/Build/signal.o

.rodata1
 *(.rodata1)

.eh_frame_hdr
 *(.eh_frame_hdr)
 *(.eh_frame_entry .eh_frame_entry.*)

.eh_frame       0x00000000004044c8      0x580
 *(.eh_frame)
 .eh_frame      0x00000000004044c8      0x258 /home/steven/mine/src/user/Build/init.o
 .eh_frame      0x0000000000404720       0x40 /home/steven/mine/src/user/Build/malloc.o
                                         0x58 (size before relaxing)
 .eh_frame      0x0000000000404760       0xe0 /home/steven/mine/src/user/Build/printf.o
                                         0xf8 (size before relaxing)
 .eh_frame      0x0000000000404840      0x128 /home/steven/mine/src/user/Build/string.o
                                        0x140 (size before relaxing)
 .eh_frame      0x0000000000404968       0x60 /home/steven/mine/src/user/Build/dirent.o
                                         0x78 (size before relaxing)
 .eh_frame      0x00000000004049c8       0x40 /home/steven/mine/src/user/Build/wait.o
                                         0x58 (size before relaxing)
 .eh_frame      0x0000000000404a08       0x40 /home/steven/mine/src/user/Build/signal.o
                                         0x58 (size before relaxing)
 *(.eh_frame.*)

.sframe
 *(.sframe)
 *(.sframe.*)

.gcc_except_table
 *(.gcc_except_table .gcc_except_table.*)

.gnu_extab
 *(.gnu_extab*)

.exception_ranges
 *(.exception_ranges*)
                0x0000000000405000                . = DATA_SEGMENT_ALIGN (CONSTANT (MAXPAGESIZE), CONSTANT (COMMONPAGESIZE))

.eh_frame
 *(.eh_frame)
 *(.eh_frame.*)

.sframe
 *(.sframe)
 *(.sframe.*)

.gnu_extab
 *(.gnu_extab)

.gcc_except_table
 *(.gcc_except_table .gcc_except_table.*)

.exception_ranges
 *(.exception_ranges*)

.tdata          0x0000000000405000        0x0
                [!provide]                        PROVIDE (__tdata_start = .)
 *(.tdata .tdata.* .gnu.linkonce.td.*)

.tbss
 *(.tbss .tbss.* .gnu.linkonce.tb.*)
 *(.tcommon)

.preinit_array  0x0000000000405000        0x0
                [!provide]                        PROVIDE (__preinit_array_start = .)
 *(.preinit_array)
                [!provide]                        PROVIDE (__preinit_array_end = .)

.init_array     0x0000000000405000        0x0
                [!provide]                        PROVIDE (__init_array_start = .)
 *(SORT_BY_INIT_PRIORITY(.init_array.*) SORT_BY_INIT_PRIORITY(.ctors.*))
 *(.init_array EXCLUDE_FILE(*crtend?.o *crtend.o *crtbegin?.o *crtbegin.o) .ctors)
                [!provide]                        PROVIDE (__init_array_end = .)

.fini_array     0x0000000000405000        0x0
                [!provide]                        PROVIDE (__fini_array_start = .)
 *(SORT_BY_INIT_PRIORITY(.fini_array.*) SORT_BY_INIT_PRIORITY(.dtors.*))
 *(.fini_array EXCLUDE_FILE(*crtend?.o *crtend.o *crtbegin?.o *crtbegin.o) .dtors)
                [!provide]                        PROVIDE (__fini_array_end = .)

.ctors
 *crtbegin.o(.ctors)
 *crtbegin?.o(.ctors)
 *(EXCLUDE_FILE(*crtend?.o *crtend.o) .ctors)
 *(SORT_BY_NAME(.ctors.*))
 *(.ctors)

.dtors
 *crtbegin.o(.dtors)
 *crtbegin?.o(.dtors)
 *(EXCLUDE_FILE(*crtend?.o *crtend.o) .dtors)
 *(SORT_BY_NAME(.dtors.*))
 *(.dtors)

.jcr
 *(.jcr)

.data.rel.ro
 *(.data.rel.ro.local* .gnu.linkonce.d.rel.ro.local.*)
 *(.data.rel.ro .data.rel.ro.* .gnu.linkonce.d.rel.ro.*)

.dynamic
 *(.dynamic)

.got            0x0000000000405000        0x0
 *(.got)
 .got           0x0000000000405000        0x0 /home/steven/mine/src/user/Build/init.o
 *(.igot)
                0x0000000000405000                . = DATA_SEGMENT_RELRO_END (., (SIZEOF (.got.plt) >= 0x18)?0x18:0x0)

.got.plt        0x0000000000405000        0x0
 *(.got.plt)
 .got.plt       0x0000000000405000        0x0 /home/steven/mine/src/user/Build/init.o
 *(.igot.plt)
 .igot.plt      0x0000000000405000        0x0 /home/steven/mine/src/user/Build/init.o

.data           0x0000000000405000      0x4c0
 *(.data .data.* .gnu.linkonce.d.*)
 .data          0x0000000000405000       0xa0 /home/steven/mine/src/user/Build/init.o
                0x0000000000405000                shell_internal_cmd
 .data          0x00000000004050a0        0x0 /home/steven/mine/src/user/Build/syscall.o
 .data          0x00000000004050a0        0x0 /home/steven/mine/src/user/Build/errno.o
 .data          0x00000000004050a0        0x0 /home/steven/mine/src/user/Build/malloc.o
 .data          0x00000000004050a0      0x420 /home/steven/mine/src/user/Build/keyboard.o
                0x00000000004050a0                pausebreak_scode
                0x00000000004050c0                keycode_map_normal
 .data          0x00000000004054c0        0x0 /home/steven/mine/src/user/Build/printf.o
 .data          0x00000000004054c0        0x0 /home/steven/mine/src/user/Build/string.o
 .data          0x00000000004054c0        0x0 /home/steven/mine/src/user/Build/dirent.o
 .data          0x00000000004054c0        0x0 /home/steven/mine/src/user/Build/wait.o
 .data          0x00000000004054c0        0x0 /home/steven/mine/src/user/Build/signal.o
 .data          0x00000000004054c0        0x0 /home/steven/mine/src/user/Build/sig_restore.o

.data1
 *(.data1)
                0x00000000004054c0                _edata = .
                [!provide]                        PROVIDE (edata = .)
                0x00000000004054c0                . = .
                0x00000000004054c0                __bss_start = .

.bss            0x00000000004054c0       0x40
 *(.dynbss)
 *(.bss .bss.* .gnu.linkonce.b.*)
 .bss           0x00000000004054c0        0xc /home/steven/mine/src/user/Build/init.o
                0x00000000004054c0                current_dir
                0x00000000004054c8                sk
 .bss           0x00000000004054cc        0x0 /home/steven/mine/src/user/Build/syscall.o
 .bss           0x00000000004054cc        0x4 /home/steven/mine/src/user/Build/errno.o
                0x00000000004054cc                errno
 .bss           0x00000000004054d0       0x18 /home/steven/mine/src/user/Build/malloc.o
 .bss           0x00000000004054e8       0x18 /home/steven/mine/src/user/Build/keyboard.o
                0x00000000004054e8                shift_l
                0x00000000004054ec                shift_r
                0x00000000004054f0                ctrl_l
                0x00000000004054f4                ctrl_r
                0x00000000004054f8                alt_l
                0x00000000004054fc                alt_r
 .bss           0x0000000000405500        0x0 /home/steven/mine/src/user/Build/printf.o
 .bss           0x0000000000405500        0x0 /home/steven/mine/src/user/Build/string.o
 .bss           0x0000000000405500        0x0 /home/steven/mine/src/user/Build/dirent.o
 .bss           0x0000000000405500        0x0 /home/steven/mine/src/user/Build/wait.o
 .bss           0x0000000000405500        0x0 /home/steven/mine/src/user/Build/signal.o
 .bss           0x0000000000405500        0x0 /home/steven/mine/src/user/Build/sig_restore.o
 *(COMMON)
                0x0000000000405500                . = ALIGN ((. != 0x0)?0x8:0x1)

.lbss
 *(.dynlbss)
 *(.lbss .lbss.* .gnu.linkonce.lb.*)
 *(LARGE_COMMON)
                0x0000000000405500                . = ALIGN (0x8)
                0x0000000000405500                . = SEGMENT_START ("ldata-segment", .)

.lrodata
 *(.lrodata .lrodata.* .gnu.linkonce.lr.*)

.ldata          0x0000000000407500        0x0
 *(.ldata .ldata.* .gnu.linkonce.l.*)
                0x0000000000407500                . = ALIGN ((. != 0x0)?0x8:0x1)
                0x0000000000407500                . = ALIGN (0x8)
                0x0000000000405500                _end = .
                [!provide]                        PROVIDE (end = .)
                0x0000000000407500                . = DATA_SEGMENT_END (.)

.stab
 *(.stab)

.stabstr
 *(.stabstr)

.stab.excl
 *(.stab.excl)

.stab.exclstr
 *(.stab.exclstr)

.stab.index
 *(.stab.index)

.stab.indexstr
 *(.stab.indexstr)

.comment        0x0000000000000000       0x1b
 *(.comment)
 .comment       0x0000000000000000       0x1b /home/steven/mine/src/user/Build/init.o
                                         0x1c (size before relaxing)
 .comment       0x000000000000001b       0x1c /home/steven/mine/src/user/Build/syscall.o
 .comment       0x000000000000001b       0x1c /home/steven/mine/src/user/Build/errno.o
 .comment       0x000000000000001b       0x1c /home/steven/mine/src/user/Build/malloc.o
 .comment       0x000000000000001b       0x1c /home/steven/mine/src/user/Build/keyboard.o
 .comment       0x000000000000001b       0x1c /home/steven/mine/src/user/Build/printf.o
 .comment       0x000000000000001b       0x1c /home/steven/mine/src/user/Build/string.o
 .comment       0x000000000000001b       0x1c /home/steven/mine/src/user/Build/dirent.o
 .comment       0x000000000000001b       0x1c /home/steven/mine/src/user/Build/wait.o
 .comment       0x000000000000001b       0x1c /home/steven/mine/src/user/Build/signal.o

.gnu.build.attributes
 *(.gnu.build.attributes .gnu.build.attributes.*)

.debug
 *(.debug)

.line
 *(.line)

.debug_srcinfo
 *(.debug_srcinfo)

.debug_sfnames
 *(.debug_sfnames)

.debug_aranges
 *(.debug_aranges)

.debug_pubnames
 *(.debug_pubnames)

.debug_info
 *(.debug_info .gnu.linkonce.wi.*)

.debug_abbrev
 *(.debug_abbrev)

.debug_line
 *(.debug_line .debug_line.* .debug_line_end)

.debug_frame
 *(.debug_frame)

.debug_str
 *(.debug_str)

.debug_loc
 *(.debug_loc)

.debug_macinfo
 *(.debug_macinfo)

.debug_weaknames
 *(.debug_weaknames)

.debug_funcnames
 *(.debug_funcnames)

.debug_typenames
 *(.debug_typenames)

.debug_varnames
 *(.debug_varnames)

.debug_pubtypes
 *(.debug_pubtypes)

.debug_ranges
 *(.debug_ranges)

.debug_addr
 *(.debug_addr)

.debug_line_str
 *(.debug_line_str)

.debug_loclists
 *(.debug_loclists)

.debug_macro
 *(.debug_macro)

.debug_names
 *(.debug_names)

.debug_rnglists
 *(.debug_rnglists)

.debug_str_offsets
 *(.debug_str_offsets)

.debug_sup
 *(.debug_sup)

.gnu.attributes
 *(.gnu.attributes)

/DISCARD/
 *(.note.GNU-stack)
 *(.gnu_debuglink)
 *(.gnu.lto_*)
OUTPUT(/home/steven/mine/src/user/Build/init.bin elf64-x86-64)
