
Merging program properties

Removed property 0xc0000002 to merge /home/steven/mine/src/user/Build/init.o (0x3) and /home/steven/mine/src/user/Build/sig_restore.o (not found)

Discarded input sections

 .note.GNU-stack
                0x0000000000000000        0x0 /home/steven/mine/src/user/Build/init.o
 .note.gnu.property
                0x0000000000000000       0x20 /home/steven/mine/src/user/Build/init.o
 .note.GNU-stack
                0x0000000000000000        0x0 /home/steven/mine/src/user/Build/syscall.o
 .note.gnu.property
                0x0000000000000000       0x20 /home/steven/mine/src/user/Build/syscall.o
 .note.GNU-stack
                0x0000000000000000        0x0 /home/steven/mine/src/user/Build/errno.o
 .note.gnu.property
                0x0000000000000000       0x20 /home/steven/mine/src/user/Build/errno.o
 .note.GNU-stack
                0x0000000000000000        0x0 /home/steven/mine/src/user/Build/malloc.o
 .note.gnu.property
                0x0000000000000000       0x20 /home/steven/mine/src/user/Build/malloc.o
 .note.GNU-stack
                0x0000000000000000        0x0 /home/steven/mine/src/user/Build/keyboard.o
 .note.gnu.property
                0x0000000000000000       0x20 /home/steven/mine/src/user/Build/keyboard.o
 .note.GNU-stack
                0x0000000000000000        0x0 /home/steven/mine/src/user/Build/printf.o
 .note.gnu.property
                0x0000000000000000       0x20 /home/steven/mine/src/user/Build/printf.o
 .note.GNU-stack
                0x0000000000000000        0x0 /home/steven/mine/src/user/Build/string.o
 .note.gnu.property
                0x0000000000000000       0x20 /home/steven/mine/src/user/Build/string.o
 .note.GNU-stack
                0x0000000000000000        0x0 /home/steven/mine/src/user/Build/dirent.o
 .note.gnu.property
                0x0000000000000000       0x20 /home/steven/mine/src/user/Build/dirent.o
 .note.GNU-stack
                0x0000000000000000        0x0 /home/steven/mine/src/user/Build/wait.o
 .note.gnu.property
                0x0000000000000000       0x20 /home/steven/mine/src/user/Build/wait.o
 .note.GNU-stack
                0x0000000000000000        0x0 /home/steven/mine/src/user/Build/signal.o
 .note.gnu.property
                0x0000000000000000       0x20 /home/steven/mine/src/user/Build/signal.o

Memory Configuration

Name             Origin             Length             Attributes
*default*        0x0000000000000000 0xffffffffffffffff

Linker script and memory map

TARGET(elf64-x86-64)
LOAD /home/steven/mine/src/user/Build/init.o
LOAD /home/steven/mine/src/user/Build/syscall.o
LOAD /home/steven/mine/src/user/Build/errno.o
LOAD /home/steven/mine/src/user/Build/malloc.o
LOAD /home/steven/mine/src/user/Build/keyboard.o
LOAD /home/steven/mine/src/user/Build/printf.o
LOAD /home/steven/mine/src/user/Build/string.o
LOAD /home/steven/mine/src/user/Build/dirent.o
LOAD /home/steven/mine/src/user/Build/wait.o
LOAD /home/steven/mine/src/user/Build/signal.o
LOAD /home/steven/mine/src/user/Build/sig_restore.o
                [!provide]                        PROVIDE (__executable_start = SEGMENT_START ("text-segment", 0x400000))
                0x0000000000400158                . = (SEGMENT_START ("text-segment", 0x400000) + SIZEOF_HEADERS)

.interp
 *(.interp)

.note.gnu.build-id
 *(.note.gnu.build-id)

.hash
 *(.hash)

.gnu.hash
 *(.gnu.hash)

.dynsym
 *(.dynsym)

.dynstr
 *(.dynstr)

.gnu.version
 *(.gnu.version)

.gnu.version_d
 *(.gnu.version_d)

.gnu.version_r
 *(.gnu.version_r)

.rela.dyn       0x0000000000400158        0x0
 *(.rela.init)
 *(.rela.text .rela.text.* .rela.gnu.linkonce.t.*)
 *(.rela.fini)
 *(.rela.rodata .rela.rodata.* .rela.gnu.linkonce.r.*)
 *(.rela.data .rela.data.* .rela.gnu.linkonce.d.*)
 *(.rela.tdata .rela.tdata.* .rela.gnu.linkonce.td.*)
 *(.rela.tbss .rela.tbss.* .rela.gnu.linkonce.tb.*)
 *(.rela.ctors)
 *(.rela.dtors)
 *(.rela.got)
 .rela.got      0x0000000000400158        0x0 /home/steven/mine/src/user/Build/init.o
 *(.rela.bss .rela.bss.* .rela.gnu.linkonce.b.*)
 *(.rela.ldata .rela.ldata.* .rela.gnu.linkonce.l.*)
 *(.rela.lbss .rela.lbss.* .rela.gnu.linkonce.lb.*)
 *(.rela.lrodata .rela.lrodata.* .rela.gnu.linkonce.lr.*)
 *(.rela.ifunc)

.rela.plt       0x0000000000400158        0x0
 *(.rela.plt)
                [!provide]                        PROVIDE (__rela_iplt_start = .)
 *(.rela.iplt)
 .rela.iplt     0x0000000000400158        0x0 /home/steven/mine/src/user/Build/init.o
                [!provide]                        PROVIDE (__rela_iplt_end = .)

.relr.dyn
 *(.relr.dyn)
                0x0000000000401000                . = ALIGN (CONSTANT (MAXPAGESIZE))

.init
 *(SORT_NONE(.init))

.plt            0x0000000000401000        0x0
 *(.plt)
 *(.iplt)
 .iplt          0x0000000000401000        0x0 /home/steven/mine/src/user/Build/init.o

.plt.got
 *(.plt.got)

.plt.sec
 *(.plt.sec)

.text           0x0000000000401000     0x25a9
 *(.text.unlikely .text.*_unlikely .text.unlikely.*)
 *(.text.exit .text.exit.*)
 *(.text.startup .text.startup.*)
 *(.text.hot .text.hot.*)
 *(SORT_BY_NAME(.text.sorted.*))
 *(.text .stub .text.* .gnu.linkonce.t.*)
 .text          0x0000000000401000     0x1007 /home/steven/mine/src/user/Build/init.o
                0x0000000000401000                main
                0x000000000040100a                sig_handler
                0x000000000040103f                get_scancode
                0x0000000000401075                analysis_keycode
                0x00000000004013ce                cd_command
                0x00000000004016a2                ls_command
                0x0000000000401780                pwd_command
                0x00000000004017d5                cat_command
                0x00000000004019da                touch_command
                0x00000000004019ec                rm_command
                0x00000000004019fe                mkdir_command
                0x0000000000401a10                rmdir_command
                0x0000000000401a22                exec_command
                0x0000000000401c78                reboot_command
                0x0000000000401ca4                find_cmd
                0x0000000000401d08                read_line
                0x0000000000401e07                parse_command
                0x0000000000401fc3                run_command
 .text          0x0000000000402007      0x141 /home/steven/mine/src/user/Build/syscall.o
                0x0000000000402007                putstring
                0x0000000000402017                open
                0x0000000000402027                close
                0x0000000000402037                read
                0x0000000000402047                write
                0x0000000000402057                lseek
                0x0000000000402067                fork
                0x0000000000402077                vfork
                0x0000000000402087                execve
                0x0000000000402097                exit
                0x00000000004020a4                wait4
                0x00000000004020b1                brk
                0x00000000004020be                reboot
                0x00000000004020cb                chdir
                0x00000000004020d8                getdents
                0x00000000004020e5                SIGNAL
                0x00000000004020f2                KILL
                0x00000000004020ff                sleep
                0x000000000040210c                getpid
 .text          0x0000000000402148        0x0 /home/steven/mine/src/user/Build/errno.o
 .text          0x0000000000402148      0x185 /home/steven/mine/src/user/Build/malloc.o
                0x0000000000402148                malloc
                0x00000000004022be                free
 .text          0x00000000004022cd        0x0 /home/steven/mine/src/user/Build/keyboard.o
 .text          0x00000000004022cd      0xdc2 /home/steven/mine/src/user/Build/printf.o
                0x00000000004022cd                strlen
                0x0000000000402300                skip_atoi
                0x00000000004025e1                vsprintf
                0x0000000000402ed8                sprintf
                0x0000000000402fa1                puts
                0x0000000000402fb0                printf
 .text          0x000000000040308f      0x270 /home/steven/mine/src/user/Build/string.o
                0x000000000040308f                memcpy
                0x00000000004030ed                memcmp
                0x000000000040312e                memset
                0x00000000004031a8                strcpy
                0x00000000004031d3                strncpy
                0x000000000040320a                strcat
                0x0000000000403241                strcmp
                0x0000000000403280                strncmp
 .text          0x00000000004032ff      0x157 /home/steven/mine/src/user/Build/dirent.o
                0x00000000004032ff                opendir
                0x00000000004033a2                closedir
                0x00000000004033e0                readdir
 .text          0x0000000000403456       0x62 /home/steven/mine/src/user/Build/wait.o
                0x0000000000403456                wait
                0x0000000000403485                waitpid
 .text          0x00000000004034b8       0xd5 /home/steven/mine/src/user/Build/signal.o
                0x00000000004034b8                signal
                0x0000000000403525                kill
 .text          0x000000000040358d       0x1c /home/steven/mine/src/user/Build/sig_restore.o
                0x000000000040358d                _start
                0x0000000000403594                sig_restore
 *(.gnu.warning)

.fini
 *(SORT_NONE(.fini))
                [!provide]                        PROVIDE (__etext = .)
                [!provide]                        PROVIDE (_etext = .)
                [!provide]                        PROVIDE (etext = .)
                0x0000000000404000                . = ALIGN (CONSTANT (MAXPAGESIZE))
                0x0000000000404000                . = SEGMENT_START ("rodata-segment", (ALIGN (CONSTANT (MAXPAGESIZE)) + (. & (CONSTANT (MAXPAGESIZE) - 0x1))))

.rodata         0x0000000000404000      0x4c7
 *(.rodata .rodata.* .gnu.linkonce.r.*)
 .rodata        0x0000000000404000      0x11a /home/steven/mine/src/user/Build/init.o
                0x000000000040404f                file_type
 .rodata        0x000000000040411a       0x12 /home/steven/mine/src/user/Build/malloc.o
 *fill*         0x000000000040412c        0x4 
 .rodata        0x0000000000404130      0x378 /home/steven/mine/src/user/Build/printf.o
 .rodata        0x00000000004044a8       0x1f /home/steven/mine/src/user/Build/signal.o

.rodata1
 *(.rodata1)

.eh_frame_hdr
 *(.eh_frame_hdr)
 *(.eh_frame_entry .eh_frame_entry.*)

.eh_frame       0x00000000004044c8      0x580
 *(.eh_frame)
 .eh_frame      0x00000000004044c8      0x258 /home/steven/mine/src/user/Build/init.o
 .eh_frame      0x0000000000404720       0x40 /home/steven/mine/src/user/Build/malloc.o
                                         0x58 (size before relaxing)
 .eh_frame      0x0000000000404760       0xe0 /home/steven/mine/src/user/Build/printf.o
                                         0xf8 (size before relaxing)
 .eh_frame      0x0000000000404840      0x128 /home/steven/mine/src/user/Build/string.o
                                        0x140 (size before relaxing)
 .eh_frame      0x0000000000404968       0x60 /home/steven/mine/src/user/Build/dirent.o
                                         0x78 (size before relaxing)
 .eh_frame      0x00000000004049c8       0x40 /home/steven/mine/src/user/Build/wait.o
                                         0x58 (size before relaxing)
 .eh_frame      0x0000000000404a08       0x40 /home/steven/mine/src/user/Build/signal.o
                                         0x58 (size before relaxing)
 *(.eh_frame.*)

.gcc_except_table
 *(.gcc_except_table .gcc_except_table.*)

.gnu_extab
 *(.gnu_extab*)

.exception_ranges
 *(.exception_ranges*)
                0x0000000000406000                . = DATA_SEGMENT_ALIGN (CONSTANT (MAXPAGESIZE), CONSTANT (COMMONPAGESIZE))

.eh_frame
 *(.eh_frame)
 *(.eh_frame.*)

.gnu_extab
 *(.gnu_extab)

.gcc_except_table
 *(.gcc_except_table .gcc_except_table.*)

.exception_ranges
 *(.exception_ranges*)

.tdata          0x0000000000406000        0x0
                [!provide]                        PROVIDE (__tdata_start = .)
 *(.tdata .tdata.* .gnu.linkonce.td.*)

.tbss
 *(.tbss .tbss.* .gnu.linkonce.tb.*)
 *(.tcommon)

.preinit_array  0x0000000000406000        0x0
                [!provide]                        PROVIDE (__preinit_array_start = .)
 *(.preinit_array)
                [!provide]                        PROVIDE (__preinit_array_end = .)

.init_array     0x0000000000406000        0x0
                [!provide]                        PROVIDE (__init_array_start = .)
 *(SORT_BY_INIT_PRIORITY(.init_array.*) SORT_BY_INIT_PRIORITY(.ctors.*))
 *(.init_array EXCLUDE_FILE(*crtend?.o *crtend.o *crtbegin?.o *crtbegin.o) .ctors)
                [!provide]                        PROVIDE (__init_array_end = .)

.fini_array     0x0000000000406000        0x0
                [!provide]                        PROVIDE (__fini_array_start = .)
 *(SORT_BY_INIT_PRIORITY(.fini_array.*) SORT_BY_INIT_PRIORITY(.dtors.*))
 *(.fini_array EXCLUDE_FILE(*crtend?.o *crtend.o *crtbegin?.o *crtbegin.o) .dtors)
                [!provide]                        PROVIDE (__fini_array_end = .)

.ctors
 *crtbegin.o(.ctors)
 *crtbegin?.o(.ctors)
 *(EXCLUDE_FILE(*crtend?.o *crtend.o) .ctors)
 *(SORT_BY_NAME(.ctors.*))
 *(.ctors)

.dtors
 *crtbegin.o(.dtors)
 *crtbegin?.o(.dtors)
 *(EXCLUDE_FILE(*crtend?.o *crtend.o) .dtors)
 *(SORT_BY_NAME(.dtors.*))
 *(.dtors)

.jcr
 *(.jcr)

.data.rel.ro
 *(.data.rel.ro.local* .gnu.linkonce.d.rel.ro.local.*)
 *(.data.rel.ro .data.rel.ro.* .gnu.linkonce.d.rel.ro.*)

.dynamic
 *(.dynamic)

.got            0x0000000000406000        0x0
 *(.got)
 .got           0x0000000000406000        0x0 /home/steven/mine/src/user/Build/init.o
 *(.igot)
                0x0000000000406000                . = DATA_SEGMENT_RELRO_END (., (SIZEOF (.got.plt) >= 0x18)?0x18:0x0)

.got.plt        0x0000000000406000        0x0
 *(.got.plt)
 .got.plt       0x0000000000406000        0x0 /home/steven/mine/src/user/Build/init.o
 *(.igot.plt)
 .igot.plt      0x0000000000406000        0x0 /home/steven/mine/src/user/Build/init.o

.data           0x0000000000406000      0x4c0
 *(.data .data.* .gnu.linkonce.d.*)
 .data          0x0000000000406000       0xa0 /home/steven/mine/src/user/Build/init.o
                0x0000000000406000                shell_internal_cmd
 .data          0x00000000004060a0        0x0 /home/steven/mine/src/user/Build/syscall.o
 .data          0x00000000004060a0        0x0 /home/steven/mine/src/user/Build/errno.o
 .data          0x00000000004060a0        0x0 /home/steven/mine/src/user/Build/malloc.o
 .data          0x00000000004060a0      0x420 /home/steven/mine/src/user/Build/keyboard.o
                0x00000000004060a0                pausebreak_scode
                0x00000000004060c0                keycode_map_normal
 .data          0x00000000004064c0        0x0 /home/steven/mine/src/user/Build/printf.o
 .data          0x00000000004064c0        0x0 /home/steven/mine/src/user/Build/string.o
 .data          0x00000000004064c0        0x0 /home/steven/mine/src/user/Build/dirent.o
 .data          0x00000000004064c0        0x0 /home/steven/mine/src/user/Build/wait.o
 .data          0x00000000004064c0        0x0 /home/steven/mine/src/user/Build/signal.o
 .data          0x00000000004064c0        0x0 /home/steven/mine/src/user/Build/sig_restore.o

.data1
 *(.data1)
                0x00000000004064c0                _edata = .
                [!provide]                        PROVIDE (edata = .)
                0x00000000004064c0                . = .
                0x00000000004064c0                __bss_start = .

.bss            0x00000000004064c0       0x40
 *(.dynbss)
 *(.bss .bss.* .gnu.linkonce.b.*)
 .bss           0x00000000004064c0        0xc /home/steven/mine/src/user/Build/init.o
                0x00000000004064c0                current_dir
                0x00000000004064c8                sk
 .bss           0x00000000004064cc        0x0 /home/steven/mine/src/user/Build/syscall.o
 .bss           0x00000000004064cc        0x4 /home/steven/mine/src/user/Build/errno.o
                0x00000000004064cc                errno
 .bss           0x00000000004064d0       0x18 /home/steven/mine/src/user/Build/malloc.o
 .bss           0x00000000004064e8       0x18 /home/steven/mine/src/user/Build/keyboard.o
                0x00000000004064e8                shift_l
                0x00000000004064ec                shift_r
                0x00000000004064f0                ctrl_l
                0x00000000004064f4                ctrl_r
                0x00000000004064f8                alt_l
                0x00000000004064fc                alt_r
 .bss           0x0000000000406500        0x0 /home/steven/mine/src/user/Build/printf.o
 .bss           0x0000000000406500        0x0 /home/steven/mine/src/user/Build/string.o
 .bss           0x0000000000406500        0x0 /home/steven/mine/src/user/Build/dirent.o
 .bss           0x0000000000406500        0x0 /home/steven/mine/src/user/Build/wait.o
 .bss           0x0000000000406500        0x0 /home/steven/mine/src/user/Build/signal.o
 .bss           0x0000000000406500        0x0 /home/steven/mine/src/user/Build/sig_restore.o
 *(COMMON)
                0x0000000000406500                . = ALIGN ((. != 0x0)?0x8:0x1)

.lbss
 *(.dynlbss)
 *(.lbss .lbss.* .gnu.linkonce.lb.*)
 *(LARGE_COMMON)
                0x0000000000406500                . = ALIGN (0x8)
                0x0000000000406500                . = SEGMENT_START ("ldata-segment", .)

.lrodata
 *(.lrodata .lrodata.* .gnu.linkonce.lr.*)

.ldata          0x0000000000408500        0x0
 *(.ldata .ldata.* .gnu.linkonce.l.*)
                0x0000000000408500                . = ALIGN ((. != 0x0)?0x8:0x1)
                0x0000000000408500                . = ALIGN (0x8)
                0x0000000000406500                _end = .
                [!provide]                        PROVIDE (end = .)
                0x0000000000408500                . = DATA_SEGMENT_END (.)

.stab
 *(.stab)

.stabstr
 *(.stabstr)

.stab.excl
 *(.stab.excl)

.stab.exclstr
 *(.stab.exclstr)

.stab.index
 *(.stab.index)

.stab.indexstr
 *(.stab.indexstr)

.comment        0x0000000000000000       0x2b
 *(.comment)
 .comment       0x0000000000000000       0x2b /home/steven/mine/src/user/Build/init.o
                                         0x2c (size before relaxing)
 .comment       0x000000000000002b       0x2c /home/steven/mine/src/user/Build/syscall.o
 .comment       0x000000000000002b       0x2c /home/steven/mine/src/user/Build/errno.o
 .comment       0x000000000000002b       0x2c /home/steven/mine/src/user/Build/malloc.o
 .comment       0x000000000000002b       0x2c /home/steven/mine/src/user/Build/keyboard.o
 .comment       0x000000000000002b       0x2c /home/steven/mine/src/user/Build/printf.o
 .comment       0x000000000000002b       0x2c /home/steven/mine/src/user/Build/string.o
 .comment       0x000000000000002b       0x2c /home/steven/mine/src/user/Build/dirent.o
 .comment       0x000000000000002b       0x2c /home/steven/mine/src/user/Build/wait.o
 .comment       0x000000000000002b       0x2c /home/steven/mine/src/user/Build/signal.o

.gnu.build.attributes
 *(.gnu.build.attributes .gnu.build.attributes.*)

.debug
 *(.debug)

.line
 *(.line)

.debug_srcinfo
 *(.debug_srcinfo)

.debug_sfnames
 *(.debug_sfnames)

.debug_aranges
 *(.debug_aranges)

.debug_pubnames
 *(.debug_pubnames)

.debug_info
 *(.debug_info .gnu.linkonce.wi.*)

.debug_abbrev
 *(.debug_abbrev)

.debug_line
 *(.debug_line .debug_line.* .debug_line_end)

.debug_frame
 *(.debug_frame)

.debug_str
 *(.debug_str)

.debug_loc
 *(.debug_loc)

.debug_macinfo
 *(.debug_macinfo)

.debug_weaknames
 *(.debug_weaknames)

.debug_funcnames
 *(.debug_funcnames)

.debug_typenames
 *(.debug_typenames)

.debug_varnames
 *(.debug_varnames)

.debug_pubtypes
 *(.debug_pubtypes)

.debug_ranges
 *(.debug_ranges)

.debug_addr
 *(.debug_addr)

.debug_line_str
 *(.debug_line_str)

.debug_loclists
 *(.debug_loclists)

.debug_macro
 *(.debug_macro)

.debug_names
 *(.debug_names)

.debug_rnglists
 *(.debug_rnglists)

.debug_str_offsets
 *(.debug_str_offsets)

.debug_sup
 *(.debug_sup)

.gnu.attributes
 *(.gnu.attributes)

/DISCARD/
 *(.note.GNU-stack)
 *(.gnu_debuglink)
 *(.gnu.lto_*)
OUTPUT(/home/steven/mine/src/user/Build/init.bin elf64-x86-64)
